******************************************************************************
                  TI ARM Linker PC v15.12.3                    
******************************************************************************
>> Linked Thu Apr 05 23:29:23 2018

OUTPUT FILE NAME:   <DC motor trial.out>
ENTRY POINT SYMBOL: "_c_int00"  address: 00000a09


MEMORY CONFIGURATION

         name            origin    length      used     unused   attr    fill
----------------------  --------  ---------  --------  --------  ----  --------
  FLASH                 00000000   00040000  00000ddc  0003f224  R  X
  SRAM                  20000000   00008000  00000218  00007de8  RW X


SEGMENT ALLOCATION MAP

run origin  load origin   length   init length attrs members
----------  ----------- ---------- ----------- ----- -------
00000000    00000000    00000de0   00000de0    r-x
  00000000    00000000    0000026c   0000026c    r-- .intvecs
  0000026c    0000026c    00000a4c   00000a4c    r-x .text
  00000cb8    00000cb8    000000fc   000000fc    r-- .const
  00000db8    00000db8    00000028   00000028    r-- .cinit
20000000    20000000    00000218   00000000    rw-
  20000000    20000000    00000200   00000000    rw- .stack
  20000200    20000200    00000018   00000000    rw- .data


SECTION ALLOCATION MAP

 output                                  attributes/
section   page    origin      length       input sections
--------  ----  ----------  ----------   ----------------
.intvecs   0    00000000    0000026c     
                  00000000    0000026c     tm4c123gh6pm_startup_ccs.obj (.intvecs)

.text      0    0000026c    00000a4c     
                  0000026c    00000270     main.obj (.text)
                  000004dc    00000132     driverlib.lib : gpio.obj (.text:GPIOPadConfigSet)
                  0000060e    00000002     rtsv7M4_T_le_v4SPD16_eabi.lib : mpu_init.obj (.text)
                  00000610    00000110     driverlib.lib : sysctl.obj (.text:SysCtlClockGet)
                  00000720    000000f4                   : sysctl.obj (.text:SysCtlClockSet)
                  00000814    0000009c     rtsv7M4_T_le_v4SPD16_eabi.lib : memcpy_t2.obj (.text)
                  000008b0    0000007a                                   : memset_t2.obj (.text)
                  0000092a    00000002                                   : startup.obj (.text)
                  0000092c    00000070                                   : autoinit.obj (.text)
                  0000099c    0000006a                                   : copy_decompress_rle.obj (.text)
                  00000a06    00000002     --HOLE-- [fill = 0]
                  00000a08    00000054                                   : boot.obj (.text)
                  00000a5c    00000054                                   : exit.obj (.text)
                  00000ab0    0000004c                                   : cpy_tbl.obj (.text)
                  00000afc    00000048     driverlib.lib : gpio.obj (.text:GPIOPinConfigure)
                  00000b44    00000034                   : sysctl.obj (.text:SysCtlPeripheralEnable)
                  00000b78    0000002a                   : gpio.obj (.text:GPIODirModeSet)
                  00000ba2    00000022                   : pwm.obj (.text:PWMGenConfigure)
                  00000bc4    0000001e                   : pwm.obj (.text:PWMPulseWidthSet)
                  00000be2    00000002     --HOLE-- [fill = 0]
                  00000be4    00000018     rtsv7M4_T_le_v4SPD16_eabi.lib : args_main.obj (.text)
                  00000bfc    00000014     driverlib.lib : sysctl.obj (.text:SysCtlPWMClockSet)
                  00000c10    00000014     rtsv7M4_T_le_v4SPD16_eabi.lib : _lock.obj (.text)
                  00000c24    00000012     driverlib.lib : gpio.obj (.text:GPIOPinTypePWM)
                  00000c36    00000012                   : gpio.obj (.text:GPIOPinTypeUART)
                  00000c48    00000012                   : pwm.obj (.text:PWMGenPeriodGet)
                  00000c5a    00000012                   : pwm.obj (.text:PWMOutputState)
                  00000c6c    00000010                   : pwm.obj (.text:PWMGenPeriodSet)
                  00000c7c    0000000e     rtsv7M4_T_le_v4SPD16_eabi.lib : copy_decompress_none.obj (.text:decompress:none)
                  00000c8a    0000000c     driverlib.lib : pwm.obj (.text:PWMGenEnable)
                  00000c96    0000000c     tm4c123gh6pm_startup_ccs.obj (.text)
                  00000ca2    00000006     driverlib.lib : sysctl.obj (.text:SysCtlDelay)
                  00000ca8    00000006                   : uart.obj (.text:UARTClockSourceSet)
                  00000cae    00000006     rtsv7M4_T_le_v4SPD16_eabi.lib : copy_decompress_rle.obj (.text:decompress:rle24)
                  00000cb4    00000004                                   : pre_init.obj (.text)

.const     0    00000cb8    000000fc     
                  00000cb8    00000090     driverlib.lib : gpio.obj (.const:g_pui32GPIOBaseAddrs)
                  00000d48    0000006c                   : sysctl.obj (.const:g_pui32Xtals)

.cinit     0    00000db8    00000028     
                  00000db8    00000016     (.cinit..data.load) [load image, compression = rle]
                  00000dce    00000002     --HOLE-- [fill = 0]
                  00000dd0    00000008     (__TI_handler_table)
                  00000dd8    00000008     (__TI_cinit_table)

.init_array 
*          0    00000000    00000000     UNINITIALIZED

.stack     0    20000000    00000200     UNINITIALIZED
                  20000000    00000200     --HOLE--

.data      0    20000200    00000018     UNINITIALIZED
                  20000200    0000000c     rtsv7M4_T_le_v4SPD16_eabi.lib : exit.obj (.data:$O1$$)
                  2000020c    00000008                                   : _lock.obj (.data:$O1$$)
                  20000214    00000004                                   : stkdepth_vars.obj (.data)

MODULE SUMMARY

       Module                         code   ro data   rw data
       ------                         ----   -------   -------
    .\
       tm4c123gh6pm_startup_ccs.obj   12     620       0      
       main.obj                       624    0         0      
    +--+------------------------------+------+---------+---------+
       Total:                         636    620       0      
                                                              
    C:/ti/TivaWare_C_Series-2.1.4.178/driverlib/ccs/Debug/driverlib.lib
       sysctl.obj                     594    108       0      
       gpio.obj                       456    144       0      
       pwm.obj                        128    0         0      
       uart.obj                       6      0         0      
    +--+------------------------------+------+---------+---------+
       Total:                         1184   252       0      
                                                              
    C:\ti\ccsv6\tools\compiler\arm_15.12.3.LTS\lib\rtsv7M4_T_le_v4SPD16_eabi.lib
       memcpy_t2.obj                  156    0         0      
       memset_t2.obj                  122    0         0      
       autoinit.obj                   112    0         0      
       copy_decompress_rle.obj        112    0         0      
       exit.obj                       84     0         12     
       boot.obj                       84     0         0      
       cpy_tbl.obj                    76     0         0      
       _lock.obj                      20     0         8      
       args_main.obj                  24     0         0      
       copy_decompress_none.obj       14     0         0      
       pre_init.obj                   4      0         0      
       stkdepth_vars.obj              0      0         4      
       mpu_init.obj                   2      0         0      
       startup.obj                    2      0         0      
    +--+------------------------------+------+---------+---------+
       Total:                         812    0         24     
                                                              
       Stack:                         0      0         512    
       Linker Generated:              0      38        0      
    +--+------------------------------+------+---------+---------+
       Grand Total:                   2632   910       536    


LINKER GENERATED COPY TABLES

__TI_cinit_table @ 00000dd8 records: 1, size/record: 8, table size: 8
	.data: load addr=00000db8, load size=00000016 bytes, run addr=20000200, run size=00000018 bytes, compression=rle


LINKER GENERATED HANDLER TABLE

__TI_handler_table @ 00000dd0 records: 2, size/record: 4, table size: 8
	index: 0, handler: __TI_decompress_rle24
	index: 1, handler: __TI_decompress_none


GLOBAL SYMBOLS: SORTED ALPHABETICALLY BY Name 

address   name                           
-------   ----                           
00000a5d  C$$EXIT                        
00000b79  GPIODirModeSet                 
000004dd  GPIOPadConfigSet               
00000afd  GPIOPinConfigure               
00000c25  GPIOPinTypePWM                 
00000c37  GPIOPinTypeUART                
0000026f  InitConsole                    
00000ba3  PWMGenConfigure                
00000c8b  PWMGenEnable                   
00000c49  PWMGenPeriodGet                
00000c6d  PWMGenPeriodSet                
00000c5b  PWMOutputState                 
00000bc5  PWMPulseWidthSet               
00000c97  ResetISR                       
UNDEFED   SHT$$INIT_ARRAY$$Base          
UNDEFED   SHT$$INIT_ARRAY$$Limit         
00000611  SysCtlClockGet                 
00000721  SysCtlClockSet                 
00000ca3  SysCtlDelay                    
00000bfd  SysCtlPWMClockSet              
00000b45  SysCtlPeripheralEnable         
0000026d  SystemInit                     
00000ca9  UARTClockSourceSet             
UNDEFED   UARTStdioConfig                
UNDEFED   UARTprintf                     
20000200  __STACK_END                    
00000200  __STACK_SIZE                   
20000200  __STACK_TOP                    
00000dd8  __TI_CINIT_Base                
00000de0  __TI_CINIT_Limit               
00000dd0  __TI_Handler_Table_Base        
00000dd8  __TI_Handler_Table_Limit       
0000092d  __TI_auto_init                 
20000200  __TI_cleanup_ptr               
00000c7d  __TI_decompress_none           
00000caf  __TI_decompress_rle24          
20000204  __TI_dtors_ptr                 
20000208  __TI_enable_exit_profile_output
ffffffff  __TI_pprof_out_hndl            
ffffffff  __TI_prof_data_size            
ffffffff  __TI_prof_data_start           
00000000  __TI_static_base__             
000008b1  __aeabi_memclr                 
000008b1  __aeabi_memclr4                
000008b1  __aeabi_memclr8                
00000815  __aeabi_memcpy                 
00000815  __aeabi_memcpy4                
00000815  __aeabi_memcpy8                
000008b3  __aeabi_memset                 
000008b3  __aeabi_memset4                
000008b3  __aeabi_memset8                
ffffffff  __binit__                      
ffffffff  __c_args__                     
0000060f  __mpu_init                     
20000000  __stack                        
00000be5  _args_main                     
00000a09  _c_int00                       
2000020c  _lock                          
00000c1f  _nop                           
00000c17  _register_lock                 
00000c11  _register_unlock               
0000092b  _system_post_cinit             
00000cb5  _system_pre_init               
20000210  _unlock                        
00000a61  abort                          
ffffffff  binit                          
00000ab1  copy_in                        
00000a69  exit                           
00000000  g_pfnVectors                   
000002ab  main                           
20000214  main_func_sp                   
00000815  memcpy                         
000008b9  memset                         


GLOBAL SYMBOLS: SORTED BY Symbol Address 

address   name                           
-------   ----                           
00000000  __TI_static_base__             
00000000  g_pfnVectors                   
00000200  __STACK_SIZE                   
0000026d  SystemInit                     
0000026f  InitConsole                    
000002ab  main                           
000004dd  GPIOPadConfigSet               
0000060f  __mpu_init                     
00000611  SysCtlClockGet                 
00000721  SysCtlClockSet                 
00000815  __aeabi_memcpy                 
00000815  __aeabi_memcpy4                
00000815  __aeabi_memcpy8                
00000815  memcpy                         
000008b1  __aeabi_memclr                 
000008b1  __aeabi_memclr4                
000008b1  __aeabi_memclr8                
000008b3  __aeabi_memset                 
000008b3  __aeabi_memset4                
000008b3  __aeabi_memset8                
000008b9  memset                         
0000092b  _system_post_cinit             
0000092d  __TI_auto_init                 
00000a09  _c_int00                       
00000a5d  C$$EXIT                        
00000a61  abort                          
00000a69  exit                           
00000ab1  copy_in                        
00000afd  GPIOPinConfigure               
00000b45  SysCtlPeripheralEnable         
00000b79  GPIODirModeSet                 
00000ba3  PWMGenConfigure                
00000bc5  PWMPulseWidthSet               
00000be5  _args_main                     
00000bfd  SysCtlPWMClockSet              
00000c11  _register_unlock               
00000c17  _register_lock                 
00000c1f  _nop                           
00000c25  GPIOPinTypePWM                 
00000c37  GPIOPinTypeUART                
00000c49  PWMGenPeriodGet                
00000c5b  PWMOutputState                 
00000c6d  PWMGenPeriodSet                
00000c7d  __TI_decompress_none           
00000c8b  PWMGenEnable                   
00000c97  ResetISR                       
00000ca3  SysCtlDelay                    
00000ca9  UARTClockSourceSet             
00000caf  __TI_decompress_rle24          
00000cb5  _system_pre_init               
00000dd0  __TI_Handler_Table_Base        
00000dd8  __TI_CINIT_Base                
00000dd8  __TI_Handler_Table_Limit       
00000de0  __TI_CINIT_Limit               
20000000  __stack                        
20000200  __STACK_END                    
20000200  __STACK_TOP                    
20000200  __TI_cleanup_ptr               
20000204  __TI_dtors_ptr                 
20000208  __TI_enable_exit_profile_output
2000020c  _lock                          
20000210  _unlock                        
20000214  main_func_sp                   
ffffffff  __TI_pprof_out_hndl            
ffffffff  __TI_prof_data_size            
ffffffff  __TI_prof_data_start           
ffffffff  __binit__                      
ffffffff  __c_args__                     
ffffffff  binit                          
UNDEFED   SHT$$INIT_ARRAY$$Base          
UNDEFED   SHT$$INIT_ARRAY$$Limit         
UNDEFED   UARTStdioConfig                
UNDEFED   UARTprintf                     

[73 symbols]
