ARM Linker, 5.03 [Build 76] [MDK-ARM Lite]

==============================================================================

Section Cross References

    startup_tm4c123.o(STACK) refers (Special) to heapauxi.o(.text) for __use_two_region_memory
    startup_tm4c123.o(HEAP) refers (Special) to heapauxi.o(.text) for __use_two_region_memory
    startup_tm4c123.o(RESET) refers (Special) to heapauxi.o(.text) for __use_two_region_memory
    startup_tm4c123.o(RESET) refers to startup_tm4c123.o(STACK) for __initial_sp
    startup_tm4c123.o(RESET) refers to startup_tm4c123.o(.text) for Reset_Handler
    startup_tm4c123.o(.text) refers (Special) to heapauxi.o(.text) for __use_two_region_memory
    startup_tm4c123.o(.text) refers to main.o(.text) for SystemInit
    startup_tm4c123.o(.text) refers to startup_tm4c123.o(HEAP) for Heap_Mem
    startup_tm4c123.o(.text) refers to startup_tm4c123.o(STACK) for Stack_Mem
    main.o(.text) refers to sysctl.o(.text) for SysCtlPeripheralEnable
    main.o(.text) refers to gpio.o(.text) for GPIOPinTypeGPIOInput
    main.o(.text) refers to timer.o(i.TimerConfigure) for TimerConfigure
    main.o(.text) refers to timer.o(i.TimerLoadSet) for TimerLoadSet
    main.o(.text) refers to timer.o(i.TimerMatchSet) for TimerMatchSet
    main.o(.text) refers to timer.o(i.TimerEnable) for TimerEnable
    main.o(.text) refers to pwm.o(.text) for PWMGenConfigure
    main.o(.text) refers to uart.o(.text) for UARTClockSourceSet
    main.o(.text) refers to uartstdio.o(.text) for UARTStdioConfig
    main.o(.text) refers to main.o(.bss) for gripper_servo_lut
    main.o(.text) refers to systick.o(i.SysTickPeriodSet) for SysTickPeriodSet
    main.o(.text) refers to systick.o(i.SysTickIntEnable) for SysTickIntEnable
    main.o(.text) refers to systick.o(i.SysTickEnable) for SysTickEnable
    gpio.o(.text) refers to gpio.o(.constdata) for g_ppui32GPIOIntMapBlizzard
    gpio.o(.text) refers to interrupt.o(.text) for IntRegister
    gpio.o(.text) refers to uartstdio.o(.text) for UARTprintf
    pwm.o(.text) refers to interrupt.o(.text) for IntRegister
    sysctl.o(.text) refers to interrupt.o(.text) for IntRegister
    sysctl.o(.text) refers to sysctl.o(.constdata) for g_sXTALtoMEMTIM
    sysctl.o(.text) refers to cpu.o(.emb_text) for CPUwfi
    sysctl.o(.text) refers to sysctl.o(.emb_text) for SysCtlDelay
    uart.o(.text) refers to interrupt.o(.text) for IntRegister
    uart.o(.text) refers to uart.o(.constdata) for g_ppui32UARTIntMap
    interrupt.o(.text) refers to cpu.o(.emb_text) for CPUcpsie
    interrupt.o(.text) refers to interrupt.o(vtable) for g_pfnRAMVectors
    interrupt.o(.text) refers to interrupt.o(.constdata) for g_pui32Priority
    uartstdio.o(.text) refers to sysctl.o(.text) for SysCtlPeripheralPresent
    uartstdio.o(.text) refers to uart.o(.text) for UARTConfigSetExpClk
    uartstdio.o(.text) refers to uartstdio.o(.constdata) for g_ui32UARTPeriph
    uartstdio.o(.text) refers to uartstdio.o(.data) for g_ui32Base
    uartstdio.o(.constdata) refers to uartstdio.o(.conststring) for .conststring
    systick.o(i.SysTickIntRegister) refers to interrupt.o(.text) for IntRegister
    systick.o(i.SysTickIntUnregister) refers to interrupt.o(.text) for IntUnregister
    timer.o(i.TimerIntRegister) refers to interrupt.o(.text) for IntRegister
    timer.o(i.TimerIntRegister) refers to timer.o(.constdata) for .constdata
    timer.o(i.TimerIntUnregister) refers to interrupt.o(.text) for IntDisable
    timer.o(i.TimerIntUnregister) refers to timer.o(.constdata) for .constdata
    __main.o(!!!main) refers to rtentry.o(.ARM.Collect$$rtentry$$00000000) for __rt_entry
    rtentry.o(.ARM.Collect$$rtentry$$00000000) refers (Special) to rtentry2.o(.ARM.Collect$$rtentry$$0000000A) for __rt_entry_li
    rtentry.o(.ARM.Collect$$rtentry$$00000000) refers (Special) to rtentry2.o(.ARM.Collect$$rtentry$$0000000D) for __rt_entry_main
    rtentry.o(.ARM.Collect$$rtentry$$00000000) refers (Special) to rtentry2.o(.ARM.Collect$$rtentry$$0000000C) for __rt_entry_postli_1
    rtentry.o(.ARM.Collect$$rtentry$$00000000) refers (Special) to rtentry2.o(.ARM.Collect$$rtentry$$00000009) for __rt_entry_postsh_1
    rtentry.o(.ARM.Collect$$rtentry$$00000000) refers (Special) to rtentry2.o(.ARM.Collect$$rtentry$$00000002) for __rt_entry_presh_1
    rtentry.o(.ARM.Collect$$rtentry$$00000000) refers (Special) to rtentry4.o(.ARM.Collect$$rtentry$$00000004) for __rt_entry_sh
    rtentry2.o(.ARM.Collect$$rtentry$$00000008) refers to boardinit2.o(.text) for _platform_post_stackheap_init
    rtentry2.o(.ARM.Collect$$rtentry$$0000000A) refers to libinit.o(.ARM.Collect$$libinit$$00000000) for __rt_lib_init
    rtentry2.o(.ARM.Collect$$rtentry$$0000000B) refers to boardinit3.o(.text) for _platform_post_lib_init
    rtentry2.o(.ARM.Collect$$rtentry$$0000000D) refers to main.o(.text) for main
    rtentry2.o(.ARM.Collect$$rtentry$$0000000D) refers to exit.o(.text) for exit
    rtentry2.o(.ARM.exidx) refers to rtentry2.o(.ARM.Collect$$rtentry$$00000001) for .ARM.Collect$$rtentry$$00000001
    rtentry2.o(.ARM.exidx) refers to rtentry2.o(.ARM.Collect$$rtentry$$00000008) for .ARM.Collect$$rtentry$$00000008
    rtentry2.o(.ARM.exidx) refers to rtentry2.o(.ARM.Collect$$rtentry$$0000000A) for .ARM.Collect$$rtentry$$0000000A
    rtentry2.o(.ARM.exidx) refers to rtentry2.o(.ARM.Collect$$rtentry$$0000000B) for .ARM.Collect$$rtentry$$0000000B
    rtentry2.o(.ARM.exidx) refers to rtentry2.o(.ARM.Collect$$rtentry$$0000000D) for .ARM.Collect$$rtentry$$0000000D
    rtentry4.o(.ARM.Collect$$rtentry$$00000004) refers to sys_stackheap_outer.o(.text) for __user_setup_stackheap
    rtentry4.o(.ARM.exidx) refers to rtentry4.o(.ARM.Collect$$rtentry$$00000004) for .ARM.Collect$$rtentry$$00000004
    sys_stackheap_outer.o(.text) refers to libspace.o(.text) for __user_perproc_libspace
    sys_stackheap_outer.o(.text) refers to startup_tm4c123.o(.text) for __user_initial_stackheap
    exit.o(.text) refers to rtexit.o(.ARM.Collect$$rtexit$$00000000) for __rt_exit
    libinit.o(.ARM.Collect$$libinit$$00000000) refers (Special) to libinit2.o(.ARM.Collect$$libinit$$0000002C) for __rt_lib_init_alloca_1
    libinit.o(.ARM.Collect$$libinit$$00000000) refers (Special) to libinit2.o(.ARM.Collect$$libinit$$0000002A) for __rt_lib_init_argv_1
    libinit.o(.ARM.Collect$$libinit$$00000000) refers (Special) to libinit2.o(.ARM.Collect$$libinit$$00000019) for __rt_lib_init_atexit_1
    libinit.o(.ARM.Collect$$libinit$$00000000) refers (Special) to libinit2.o(.ARM.Collect$$libinit$$0000001F) for __rt_lib_init_clock_1
    libinit.o(.ARM.Collect$$libinit$$00000000) refers (Special) to libinit2.o(.ARM.Collect$$libinit$$00000030) for __rt_lib_init_cpp_1
    libinit.o(.ARM.Collect$$libinit$$00000000) refers (Special) to libinit2.o(.ARM.Collect$$libinit$$0000002E) for __rt_lib_init_exceptions_1
    libinit.o(.ARM.Collect$$libinit$$00000000) refers (Special) to libinit2.o(.ARM.Collect$$libinit$$00000001) for __rt_lib_init_fp_1
    libinit.o(.ARM.Collect$$libinit$$00000000) refers (Special) to libinit2.o(.ARM.Collect$$libinit$$0000001D) for __rt_lib_init_fp_trap_1
    libinit.o(.ARM.Collect$$libinit$$00000000) refers (Special) to libinit2.o(.ARM.Collect$$libinit$$00000021) for __rt_lib_init_getenv_1
    libinit.o(.ARM.Collect$$libinit$$00000000) refers (Special) to libinit2.o(.ARM.Collect$$libinit$$00000008) for __rt_lib_init_heap_1
    libinit.o(.ARM.Collect$$libinit$$00000000) refers (Special) to libinit2.o(.ARM.Collect$$libinit$$0000000F) for __rt_lib_init_lc_collate_1
    libinit.o(.ARM.Collect$$libinit$$00000000) refers (Special) to libinit2.o(.ARM.Collect$$libinit$$00000011) for __rt_lib_init_lc_ctype_1
    libinit.o(.ARM.Collect$$libinit$$00000000) refers (Special) to libinit2.o(.ARM.Collect$$libinit$$00000013) for __rt_lib_init_lc_monetary_1
    libinit.o(.ARM.Collect$$libinit$$00000000) refers (Special) to libinit2.o(.ARM.Collect$$libinit$$00000015) for __rt_lib_init_lc_numeric_1
    libinit.o(.ARM.Collect$$libinit$$00000000) refers (Special) to libinit2.o(.ARM.Collect$$libinit$$00000017) for __rt_lib_init_lc_time_1
    libinit.o(.ARM.Collect$$libinit$$00000000) refers (Special) to libinit2.o(.ARM.Collect$$libinit$$0000000C) for __rt_lib_init_rand_1
    libinit.o(.ARM.Collect$$libinit$$00000000) refers (Special) to libinit2.o(.ARM.Collect$$libinit$$00000031) for __rt_lib_init_return
    libinit.o(.ARM.Collect$$libinit$$00000000) refers (Special) to libinit2.o(.ARM.Collect$$libinit$$0000001B) for __rt_lib_init_signal_1
    libinit.o(.ARM.Collect$$libinit$$00000000) refers (Special) to libinit2.o(.ARM.Collect$$libinit$$00000023) for __rt_lib_init_stdio_1
    libinit.o(.ARM.Collect$$libinit$$00000000) refers (Special) to libinit2.o(.ARM.Collect$$libinit$$0000000A) for __rt_lib_init_user_alloc_1
    libspace.o(.text) refers to libspace.o(.bss) for __libspace_start
    rtexit.o(.ARM.Collect$$rtexit$$00000000) refers (Special) to rtexit2.o(.ARM.Collect$$rtexit$$00000004) for __rt_exit_exit
    rtexit.o(.ARM.Collect$$rtexit$$00000000) refers (Special) to rtexit2.o(.ARM.Collect$$rtexit$$00000003) for __rt_exit_ls
    rtexit.o(.ARM.Collect$$rtexit$$00000000) refers (Special) to rtexit2.o(.ARM.Collect$$rtexit$$00000002) for __rt_exit_prels_1
    rtexit.o(.ARM.exidx) refers (Special) to rtexit2.o(.ARM.Collect$$rtexit$$00000004) for __rt_exit_exit
    rtexit.o(.ARM.exidx) refers (Special) to rtexit2.o(.ARM.Collect$$rtexit$$00000003) for __rt_exit_ls
    rtexit.o(.ARM.exidx) refers (Special) to rtexit2.o(.ARM.Collect$$rtexit$$00000002) for __rt_exit_prels_1
    rtexit.o(.ARM.exidx) refers to rtexit.o(.ARM.Collect$$rtexit$$00000000) for .ARM.Collect$$rtexit$$00000000
    libinit2.o(.ARM.Collect$$libinit$$00000001) refers to fpinit.o(x$fpl$fpinit) for _fp_init
    libinit2.o(.ARM.Collect$$libinit$$0000000E) refers to libinit2.o(.ARM.Collect$$libinit$$0000000D) for .ARM.Collect$$libinit$$0000000D
    libinit2.o(.ARM.Collect$$libinit$$00000010) refers to libinit2.o(.ARM.Collect$$libinit$$0000000D) for .ARM.Collect$$libinit$$0000000D
    libinit2.o(.ARM.Collect$$libinit$$00000012) refers to libinit2.o(.ARM.Collect$$libinit$$0000000D) for .ARM.Collect$$libinit$$0000000D
    libinit2.o(.ARM.Collect$$libinit$$00000014) refers to libinit2.o(.ARM.Collect$$libinit$$0000000D) for .ARM.Collect$$libinit$$0000000D
    libinit2.o(.ARM.Collect$$libinit$$00000016) refers to libinit2.o(.ARM.Collect$$libinit$$0000000D) for .ARM.Collect$$libinit$$0000000D
    libinit2.o(.ARM.Collect$$libinit$$00000024) refers to argv_veneer.o(.emb_text) for __ARM_argv_veneer
    libinit2.o(.ARM.Collect$$libinit$$00000025) refers to argv_veneer.o(.emb_text) for __ARM_argv_veneer
    rtexit2.o(.ARM.Collect$$rtexit$$00000003) refers to libshutdown.o(.ARM.Collect$$libshutdown$$00000000) for __rt_lib_shutdown
    rtexit2.o(.ARM.Collect$$rtexit$$00000004) refers to sys_exit.o(.text) for _sys_exit
    rtexit2.o(.ARM.exidx) refers to rtexit2.o(.ARM.Collect$$rtexit$$00000001) for .ARM.Collect$$rtexit$$00000001
    rtexit2.o(.ARM.exidx) refers to rtexit2.o(.ARM.Collect$$rtexit$$00000003) for .ARM.Collect$$rtexit$$00000003
    rtexit2.o(.ARM.exidx) refers to rtexit2.o(.ARM.Collect$$rtexit$$00000004) for .ARM.Collect$$rtexit$$00000004
    argv_veneer.o(.emb_text) refers to no_argv.o(.text) for __ARM_get_argv
    sys_exit.o(.text) refers (Special) to use_no_semi.o(.text) for __I$use$semihosting
    sys_exit.o(.text) refers (Special) to indicate_semi.o(.text) for __semihosting_library_function
    _get_argv_nomalloc.o(.text) refers (Special) to hrguard.o(.text) for __heap_region$guard
    _get_argv_nomalloc.o(.text) refers to defsig_rtmem_outer.o(.text) for __rt_SIGRTMEM
    _get_argv_nomalloc.o(.text) refers to sys_command.o(.text) for _sys_command_string
    libshutdown.o(.ARM.Collect$$libshutdown$$00000000) refers (Special) to libshutdown2.o(.ARM.Collect$$libshutdown$$00000006) for __rt_lib_shutdown_fp_trap_1
    libshutdown.o(.ARM.Collect$$libshutdown$$00000000) refers (Special) to libshutdown2.o(.ARM.Collect$$libshutdown$$0000000E) for __rt_lib_shutdown_heap_1
    libshutdown.o(.ARM.Collect$$libshutdown$$00000000) refers (Special) to libshutdown2.o(.ARM.Collect$$libshutdown$$0000000F) for __rt_lib_shutdown_return
    libshutdown.o(.ARM.Collect$$libshutdown$$00000000) refers (Special) to libshutdown2.o(.ARM.Collect$$libshutdown$$00000009) for __rt_lib_shutdown_signal_1
    libshutdown.o(.ARM.Collect$$libshutdown$$00000000) refers (Special) to libshutdown2.o(.ARM.Collect$$libshutdown$$00000003) for __rt_lib_shutdown_stdio_1
    libshutdown.o(.ARM.Collect$$libshutdown$$00000000) refers (Special) to libshutdown2.o(.ARM.Collect$$libshutdown$$0000000B) for __rt_lib_shutdown_user_alloc_1
    sys_command.o(.text) refers (Special) to use_no_semi.o(.text) for __I$use$semihosting
    sys_command.o(.text) refers (Special) to indicate_semi.o(.text) for __semihosting_library_function
    defsig_rtmem_outer.o(.text) refers to defsig_rtmem_inner.o(.text) for __rt_SIGRTMEM_inner
    defsig_rtmem_outer.o(.text) refers to defsig_exit.o(.text) for __sig_exit
    defsig_rtmem_formal.o(.text) refers to rt_raise.o(.text) for __rt_raise
    rt_raise.o(.text) refers to __raise.o(.text) for __raise
    rt_raise.o(.text) refers to sys_exit.o(.text) for _sys_exit
    defsig_exit.o(.text) refers to sys_exit.o(.text) for _sys_exit
    defsig_rtmem_inner.o(.text) refers to defsig_general.o(.text) for __default_signal_display
    __raise.o(.text) refers to defsig.o(CL$$defsig) for __default_signal_handler
    defsig_general.o(.text) refers to sys_wrch.o(.text) for _ttywrch
    sys_wrch.o(.text) refers (Special) to use_no_semi.o(.text) for __I$use$semihosting
    sys_wrch.o(.text) refers (Special) to indicate_semi.o(.text) for __semihosting_library_function
    defsig.o(CL$$defsig) refers to defsig_rtmem_inner.o(.text) for __rt_SIGRTMEM_inner
    defsig_abrt_inner.o(.text) refers to defsig_general.o(.text) for __default_signal_display
    defsig_fpe_inner.o(.text) refers to defsig_general.o(.text) for __default_signal_display
    defsig_rtred_inner.o(.text) refers to defsig_general.o(.text) for __default_signal_display
    defsig_stak_inner.o(.text) refers to defsig_general.o(.text) for __default_signal_display
    defsig_pvfn_inner.o(.text) refers to defsig_general.o(.text) for __default_signal_display
    defsig_cppl_inner.o(.text) refers to defsig_general.o(.text) for __default_signal_display
    defsig_segv_inner.o(.text) refers to defsig_general.o(.text) for __default_signal_display
    defsig_other.o(.text) refers to defsig_general.o(.text) for __default_signal_display


==============================================================================

Removing Unused input sections from the image.

    Removing systick.o(i.SysTickDisable), (14 bytes).
    Removing systick.o(i.SysTickIntDisable), (14 bytes).
    Removing systick.o(i.SysTickIntRegister), (24 bytes).
    Removing systick.o(i.SysTickIntUnregister), (18 bytes).
    Removing systick.o(i.SysTickPeriodGet), (10 bytes).
    Removing systick.o(i.SysTickValueGet), (8 bytes).
    Removing timer.o(i.TimerADCEventGet), (4 bytes).
    Removing timer.o(i.TimerADCEventSet), (4 bytes).
    Removing timer.o(i.TimerClockSourceGet), (6 bytes).
    Removing timer.o(i.TimerClockSourceSet), (6 bytes).
    Removing timer.o(i.TimerControlEvent), (18 bytes).
    Removing timer.o(i.TimerControlLevel), (22 bytes).
    Removing timer.o(i.TimerControlStall), (22 bytes).
    Removing timer.o(i.TimerControlTrigger), (80 bytes).
    Removing timer.o(i.TimerControlWaitOnTrigger), (48 bytes).
    Removing timer.o(i.TimerDMAEventGet), (4 bytes).
    Removing timer.o(i.TimerDMAEventSet), (4 bytes).
    Removing timer.o(i.TimerDisable), (16 bytes).
    Removing timer.o(i.TimerIntClear), (4 bytes).
    Removing timer.o(i.TimerIntDisable), (10 bytes).
    Removing timer.o(i.TimerIntEnable), (8 bytes).
    Removing timer.o(i.TimerIntRegister), (104 bytes).
    Removing timer.o(i.TimerIntStatus), (10 bytes).
    Removing timer.o(i.TimerIntUnregister), (104 bytes).
    Removing timer.o(i.TimerLoadGet), (10 bytes).
    Removing timer.o(i.TimerLoadGet64), (14 bytes).
    Removing timer.o(i.TimerLoadSet64), (6 bytes).
    Removing timer.o(i.TimerMatchGet), (10 bytes).
    Removing timer.o(i.TimerMatchGet64), (14 bytes).
    Removing timer.o(i.TimerMatchSet64), (6 bytes).
    Removing timer.o(i.TimerPrescaleGet), (10 bytes).
    Removing timer.o(i.TimerPrescaleMatchGet), (10 bytes).
    Removing timer.o(i.TimerPrescaleMatchSet), (18 bytes).
    Removing timer.o(i.TimerPrescaleSet), (18 bytes).
    Removing timer.o(i.TimerRTCDisable), (10 bytes).
    Removing timer.o(i.TimerRTCEnable), (10 bytes).
    Removing timer.o(i.TimerSynchronize), (4 bytes).
    Removing timer.o(i.TimerUpdateMode), (42 bytes).
    Removing timer.o(i.TimerValueGet), (10 bytes).
    Removing timer.o(i.TimerValueGet64), (14 bytes).
    Removing timer.o(.constdata), (160 bytes).

41 unused section(s) (total 928 bytes) removed from the image.

==============================================================================

Image Symbol Table

    Local Symbols

    Symbol Name                              Value     Ov Type        Size  Object(Section)

    RESET                                    0x00000000   Section      620  startup_tm4c123.o(RESET)
    ../clib/angel/boardlib.s                 0x00000000   Number         0  boardshut.o ABSOLUTE
    ../clib/angel/boardlib.s                 0x00000000   Number         0  boardinit1.o ABSOLUTE
    ../clib/angel/boardlib.s                 0x00000000   Number         0  boardinit2.o ABSOLUTE
    ../clib/angel/boardlib.s                 0x00000000   Number         0  boardinit3.o ABSOLUTE
    ../clib/angel/dczerorl.s                 0x00000000   Number         0  __dczerorl.o ABSOLUTE
    ../clib/angel/handlers.s                 0x00000000   Number         0  __scatter_zi.o ABSOLUTE
    ../clib/angel/kernel.s                   0x00000000   Number         0  rtexit2.o ABSOLUTE
    ../clib/angel/kernel.s                   0x00000000   Number         0  rtentry.o ABSOLUTE
    ../clib/angel/kernel.s                   0x00000000   Number         0  rtentry4.o ABSOLUTE
    ../clib/angel/kernel.s                   0x00000000   Number         0  rtentry2.o ABSOLUTE
    ../clib/angel/kernel.s                   0x00000000   Number         0  rtexit.o ABSOLUTE
    ../clib/angel/rt.s                       0x00000000   Number         0  rt_raise.o ABSOLUTE
    ../clib/angel/scatter.s                  0x00000000   Number         0  __scatter.o ABSOLUTE
    ../clib/angel/startup.s                  0x00000000   Number         0  __main.o ABSOLUTE
    ../clib/angel/sys.s                      0x00000000   Number         0  use_no_semi.o ABSOLUTE
    ../clib/angel/sys.s                      0x00000000   Number         0  indicate_semi.o ABSOLUTE
    ../clib/angel/sys.s                      0x00000000   Number         0  sys_stackheap_outer.o ABSOLUTE
    ../clib/angel/sys.s                      0x00000000   Number         0  libspace.o ABSOLUTE
    ../clib/angel/sysapp.c                   0x00000000   Number         0  sys_wrch.o ABSOLUTE
    ../clib/angel/sysapp.c                   0x00000000   Number         0  sys_command.o ABSOLUTE
    ../clib/angel/sysapp.c                   0x00000000   Number         0  sys_exit.o ABSOLUTE
    ../clib/armsys.c                         0x00000000   Number         0  argv_veneer.o ABSOLUTE
    ../clib/armsys.c                         0x00000000   Number         0  no_argv.o ABSOLUTE
    ../clib/armsys.c                         0x00000000   Number         0  _get_argv_nomalloc.o ABSOLUTE
    ../clib/armsys.c                         0x00000000   Number         0  argv_veneer.o ABSOLUTE
    ../clib/heapalloc.c                      0x00000000   Number         0  hrguard.o ABSOLUTE
    ../clib/heapaux.c                        0x00000000   Number         0  heapauxi.o ABSOLUTE
    ../clib/libinit.s                        0x00000000   Number         0  libshutdown2.o ABSOLUTE
    ../clib/libinit.s                        0x00000000   Number         0  libshutdown.o ABSOLUTE
    ../clib/libinit.s                        0x00000000   Number         0  libinit2.o ABSOLUTE
    ../clib/libinit.s                        0x00000000   Number         0  libinit.o ABSOLUTE
    ../clib/signal.c                         0x00000000   Number         0  defsig_other.o ABSOLUTE
    ../clib/signal.c                         0x00000000   Number         0  defsig_segv_inner.o ABSOLUTE
    ../clib/signal.c                         0x00000000   Number         0  defsig_cppl_inner.o ABSOLUTE
    ../clib/signal.c                         0x00000000   Number         0  defsig_pvfn_inner.o ABSOLUTE
    ../clib/signal.c                         0x00000000   Number         0  defsig_stak_inner.o ABSOLUTE
    ../clib/signal.c                         0x00000000   Number         0  defsig_rtred_inner.o ABSOLUTE
    ../clib/signal.c                         0x00000000   Number         0  defsig_fpe_inner.o ABSOLUTE
    ../clib/signal.c                         0x00000000   Number         0  defsig_general.o ABSOLUTE
    ../clib/signal.c                         0x00000000   Number         0  defsig_rtmem_outer.o ABSOLUTE
    ../clib/signal.c                         0x00000000   Number         0  defsig_abrt_inner.o ABSOLUTE
    ../clib/signal.c                         0x00000000   Number         0  defsig_exit.o ABSOLUTE
    ../clib/signal.c                         0x00000000   Number         0  defsig_rtmem_inner.o ABSOLUTE
    ../clib/signal.c                         0x00000000   Number         0  __raise.o ABSOLUTE
    ../clib/signal.c                         0x00000000   Number         0  defsig_rtmem_formal.o ABSOLUTE
    ../clib/signal.s                         0x00000000   Number         0  defsig.o ABSOLUTE
    ../clib/stdlib.c                         0x00000000   Number         0  exit.o ABSOLUTE
    ../fplib/fpinit.s                        0x00000000   Number         0  fpinit.o ABSOLUTE
    C:\\ti\\TivaWare_C_Series-2.1.2.111\\driverlib\\sysctl.c 0x00000000   Number         0  sysctl.o ABSOLUTE
    C:\ti\TivaWare_C_Series-2.1.2.111\driverlib\gpio.c 0x00000000   Number         0  gpio.o ABSOLUTE
    C:\ti\TivaWare_C_Series-2.1.2.111\driverlib\interrupt.c 0x00000000   Number         0  interrupt.o ABSOLUTE
    C:\ti\TivaWare_C_Series-2.1.2.111\driverlib\pwm.c 0x00000000   Number         0  pwm.o ABSOLUTE
    C:\ti\TivaWare_C_Series-2.1.2.111\driverlib\sysctl.c 0x00000000   Number         0  sysctl.o ABSOLUTE
    C:\ti\TivaWare_C_Series-2.1.2.111\driverlib\uart.c 0x00000000   Number         0  uart.o ABSOLUTE
    C:\ti\TivaWare_C_Series-2.1.4.178\utils\uartstdio.c 0x00000000   Number         0  uartstdio.o ABSOLUTE
    cpu.c                                    0x00000000   Number         0  cpu.o ABSOLUTE
    cpu.c                                    0x00000000   Number         0  cpu.o ABSOLUTE
    dc.s                                     0x00000000   Number         0  dc.o ABSOLUTE
    main.c                                   0x00000000   Number         0  main.o ABSOLUTE
    startup_TM4C123.s                        0x00000000   Number         0  startup_tm4c123.o ABSOLUTE
    systick.c                                0x00000000   Number         0  systick.o ABSOLUTE
    timer.c                                  0x00000000   Number         0  timer.o ABSOLUTE
    !!!main                                  0x0000026c   Section        8  __main.o(!!!main)
    !!!scatter                               0x00000274   Section       52  __scatter.o(!!!scatter)
    !!dczerorl                               0x000002a8   Section       58  __dczerorl.o(!!dczerorl)
    !!handler_zi                             0x000002e4   Section       28  __scatter_zi.o(!!handler_zi)
    .ARM.Collect$$libinit$$00000000          0x00000300   Section        2  libinit.o(.ARM.Collect$$libinit$$00000000)
    .ARM.Collect$$libinit$$00000001          0x00000302   Section        4  libinit2.o(.ARM.Collect$$libinit$$00000001)
    .ARM.Collect$$libinit$$00000008          0x00000306   Section        0  libinit2.o(.ARM.Collect$$libinit$$00000008)
    .ARM.Collect$$libinit$$0000000A          0x00000306   Section        0  libinit2.o(.ARM.Collect$$libinit$$0000000A)
    .ARM.Collect$$libinit$$0000000C          0x00000306   Section        0  libinit2.o(.ARM.Collect$$libinit$$0000000C)
    .ARM.Collect$$libinit$$0000000F          0x00000306   Section        0  libinit2.o(.ARM.Collect$$libinit$$0000000F)
    .ARM.Collect$$libinit$$00000011          0x00000306   Section        0  libinit2.o(.ARM.Collect$$libinit$$00000011)
    .ARM.Collect$$libinit$$00000013          0x00000306   Section        0  libinit2.o(.ARM.Collect$$libinit$$00000013)
    .ARM.Collect$$libinit$$00000015          0x00000306   Section        0  libinit2.o(.ARM.Collect$$libinit$$00000015)
    .ARM.Collect$$libinit$$00000017          0x00000306   Section        0  libinit2.o(.ARM.Collect$$libinit$$00000017)
    .ARM.Collect$$libinit$$00000019          0x00000306   Section        0  libinit2.o(.ARM.Collect$$libinit$$00000019)
    .ARM.Collect$$libinit$$0000001B          0x00000306   Section        0  libinit2.o(.ARM.Collect$$libinit$$0000001B)
    .ARM.Collect$$libinit$$0000001D          0x00000306   Section        0  libinit2.o(.ARM.Collect$$libinit$$0000001D)
    .ARM.Collect$$libinit$$0000001F          0x00000306   Section        0  libinit2.o(.ARM.Collect$$libinit$$0000001F)
    .ARM.Collect$$libinit$$00000021          0x00000306   Section        0  libinit2.o(.ARM.Collect$$libinit$$00000021)
    .ARM.Collect$$libinit$$00000023          0x00000306   Section        0  libinit2.o(.ARM.Collect$$libinit$$00000023)
    .ARM.Collect$$libinit$$0000002A          0x00000306   Section        0  libinit2.o(.ARM.Collect$$libinit$$0000002A)
    .ARM.Collect$$libinit$$0000002C          0x00000306   Section        0  libinit2.o(.ARM.Collect$$libinit$$0000002C)
    .ARM.Collect$$libinit$$0000002E          0x00000306   Section        0  libinit2.o(.ARM.Collect$$libinit$$0000002E)
    .ARM.Collect$$libinit$$00000030          0x00000306   Section        0  libinit2.o(.ARM.Collect$$libinit$$00000030)
    .ARM.Collect$$libinit$$00000031          0x00000306   Section        2  libinit2.o(.ARM.Collect$$libinit$$00000031)
    .ARM.Collect$$libshutdown$$00000000      0x00000308   Section        2  libshutdown.o(.ARM.Collect$$libshutdown$$00000000)
    .ARM.Collect$$libshutdown$$00000003      0x0000030a   Section        0  libshutdown2.o(.ARM.Collect$$libshutdown$$00000003)
    .ARM.Collect$$libshutdown$$00000006      0x0000030a   Section        0  libshutdown2.o(.ARM.Collect$$libshutdown$$00000006)
    .ARM.Collect$$libshutdown$$00000009      0x0000030a   Section        0  libshutdown2.o(.ARM.Collect$$libshutdown$$00000009)
    .ARM.Collect$$libshutdown$$0000000B      0x0000030a   Section        0  libshutdown2.o(.ARM.Collect$$libshutdown$$0000000B)
    .ARM.Collect$$libshutdown$$0000000E      0x0000030a   Section        0  libshutdown2.o(.ARM.Collect$$libshutdown$$0000000E)
    .ARM.Collect$$libshutdown$$0000000F      0x0000030a   Section        2  libshutdown2.o(.ARM.Collect$$libshutdown$$0000000F)
    .ARM.Collect$$rtentry$$00000000          0x0000030c   Section        0  rtentry.o(.ARM.Collect$$rtentry$$00000000)
    .ARM.Collect$$rtentry$$00000002          0x0000030c   Section        0  rtentry2.o(.ARM.Collect$$rtentry$$00000002)
    .ARM.Collect$$rtentry$$00000004          0x0000030c   Section        6  rtentry4.o(.ARM.Collect$$rtentry$$00000004)
    .ARM.Collect$$rtentry$$00000009          0x00000312   Section        0  rtentry2.o(.ARM.Collect$$rtentry$$00000009)
    .ARM.Collect$$rtentry$$0000000A          0x00000312   Section        4  rtentry2.o(.ARM.Collect$$rtentry$$0000000A)
    .ARM.Collect$$rtentry$$0000000C          0x00000316   Section        0  rtentry2.o(.ARM.Collect$$rtentry$$0000000C)
    .ARM.Collect$$rtentry$$0000000D          0x00000316   Section        8  rtentry2.o(.ARM.Collect$$rtentry$$0000000D)
    .ARM.Collect$$rtexit$$00000000           0x0000031e   Section        2  rtexit.o(.ARM.Collect$$rtexit$$00000000)
    .ARM.Collect$$rtexit$$00000002           0x00000320   Section        0  rtexit2.o(.ARM.Collect$$rtexit$$00000002)
    .ARM.Collect$$rtexit$$00000003           0x00000320   Section        4  rtexit2.o(.ARM.Collect$$rtexit$$00000003)
    .ARM.Collect$$rtexit$$00000004           0x00000324   Section        6  rtexit2.o(.ARM.Collect$$rtexit$$00000004)
    .emb_text                                0x0000032c   Section        6  sysctl.o(.emb_text)
    $v0                                      0x0000032c   Number         0  sysctl.o(.emb_text)
    .emb_text                                0x00000334   Section       38  cpu.o(.emb_text)
    $v0                                      0x00000334   Number         0  cpu.o(.emb_text)
    .text                                    0x0000035c   Section      276  startup_tm4c123.o(.text)
    $v0                                      0x0000035c   Number         0  startup_tm4c123.o(.text)
    .text                                    0x00000470   Section        0  main.o(.text)
    .text                                    0x00000a4c   Section        0  gpio.o(.text)
    _GPIOIntNumberGet                        0x00000a4d   Thumb Code    56  gpio.o(.text)
    .text                                    0x00001298   Section        0  pwm.o(.text)
    _PWMGenIntNumberGet                      0x000013cb   Thumb Code   248  pwm.o(.text)
    _PWMFaultIntNumberGet                    0x00001507   Thumb Code    62  pwm.o(.text)
    .text                                    0x000016fc   Section        0  sysctl.o(.text)
    _SysCtlMemTimingGet                      0x000016fd   Thumb Code    36  sysctl.o(.text)
    _SysCtlFrequencyGet                      0x00001721   Thumb Code    96  sysctl.o(.text)
    .text                                    0x00002260   Section        0  uart.o(.text)
    _UARTIntNumberGet                        0x00002261   Thumb Code    56  uart.o(.text)
    .text                                    0x00002598   Section        0  interrupt.o(.text)
    _IntDefaultHandler                       0x00002599   Thumb Code     4  interrupt.o(.text)
    .text                                    0x000028c8   Section        0  uartstdio.o(.text)
    .text                                    0x00002c48   Section        0  heapauxi.o(.text)
    .text                                    0x00002c4e   Section       74  sys_stackheap_outer.o(.text)
    .text                                    0x00002c98   Section        0  exit.o(.text)
    .text                                    0x00002ca4   Section        8  libspace.o(.text)
    .text                                    0x00002cac   Section        0  sys_exit.o(.text)
    .text                                    0x00002cb8   Section        2  use_no_semi.o(.text)
    .text                                    0x00002cba   Section        0  indicate_semi.o(.text)
    i.SysTickEnable                          0x00002cba   Section        0  systick.o(i.SysTickEnable)
    i.SysTickIntEnable                       0x00002cc8   Section        0  systick.o(i.SysTickIntEnable)
    i.SysTickPeriodSet                       0x00002cd6   Section        0  systick.o(i.SysTickPeriodSet)
    i.TimerConfigure                         0x00002ce0   Section        0  timer.o(i.TimerConfigure)
    i.TimerEnable                            0x00002d40   Section        0  timer.o(i.TimerEnable)
    i.TimerLoadSet                           0x00002d4e   Section        0  timer.o(i.TimerLoadSet)
    i.TimerMatchSet                          0x00002d60   Section        0  timer.o(i.TimerMatchSet)
    x$fpl$fpinit                             0x00002d72   Section       10  fpinit.o(x$fpl$fpinit)
    $v0                                      0x00002d72   Number         0  fpinit.o(x$fpl$fpinit)
    .constdata                               0x00002d7c   Section      528  gpio.o(.constdata)
    g_ppui32GPIOIntMapBlizzard               0x00002d7c   Data         192  gpio.o(.constdata)
    g_ppui32GPIOIntMapSnowflake              0x00002e3c   Data         192  gpio.o(.constdata)
    g_pui32GPIOBaseAddrs                     0x00002efc   Data         144  gpio.o(.constdata)
    .constdata                               0x00002f8c   Section      452  sysctl.o(.constdata)
    g_pui32Xtals                             0x00002f8c   Data         108  sysctl.o(.constdata)
    g_pppui32XTALtoVCO                       0x00002ff8   Data         288  sysctl.o(.constdata)
    g_sXTALtoMEMTIM                          0x00003118   Data          48  sysctl.o(.constdata)
    g_pui32VCOFrequencies                    0x00003148   Data           8  sysctl.o(.constdata)
    .constdata                               0x00003150   Section      128  uart.o(.constdata)
    g_ppui32UARTIntMap                       0x00003150   Data          64  uart.o(.constdata)
    g_ppui32UARTIntMapSnowflake              0x00003190   Data          64  uart.o(.constdata)
    .constdata                               0x000031d0   Section      268  interrupt.o(.constdata)
    g_pui32Priority                          0x000031d0   Data          32  interrupt.o(.constdata)
    g_pui32Regs                              0x000031f0   Data         156  interrupt.o(.constdata)
    g_pui32EnRegs                            0x0000328c   Data          20  interrupt.o(.constdata)
    g_pui32Dii16Regs                         0x000032a0   Data          20  interrupt.o(.constdata)
    g_pui32PendRegs                          0x000032b4   Data          20  interrupt.o(.constdata)
    g_pui32UnpendRegs                        0x000032c8   Data          20  interrupt.o(.constdata)
    .constdata                               0x000032dc   Section       28  uartstdio.o(.constdata)
    g_pcHex                                  0x000032dc   Data           4  uartstdio.o(.constdata)
    g_ui32UARTBase                           0x000032e0   Data          12  uartstdio.o(.constdata)
    g_ui32UARTPeriph                         0x000032ec   Data          12  uartstdio.o(.constdata)
    .conststring                             0x000032f8   Section       17  uartstdio.o(.conststring)
    .data                                    0x20000000   Section        5  uartstdio.o(.data)
    g_ui32Base                               0x20000000   Data           4  uartstdio.o(.data)
    bLastWasCR                               0x20000004   Data           1  uartstdio.o(.data)
    vtable                                   0x20000400   Section      620  interrupt.o(vtable)
    g_pfnRAMVectors                          0x20000400   Data         620  interrupt.o(vtable)
    .bss                                     0x2000066c   Section     2892  main.o(.bss)
    .bss                                     0x200011b8   Section       96  libspace.o(.bss)
    HEAP                                     0x20001218   Section        0  startup_tm4c123.o(HEAP)
    STACK                                    0x20001218   Section      512  startup_tm4c123.o(STACK)
    Heap_Mem                                 0x20001218   Data           0  startup_tm4c123.o(HEAP)
    Stack_Mem                                0x20001218   Data         512  startup_tm4c123.o(STACK)
    __initial_sp                             0x20001418   Data           0  startup_tm4c123.o(STACK)

    Global Symbols

    Symbol Name                              Value     Ov Type        Size  Object(Section)

    BuildAttributes$$THM_ISAv4$E$P$D$K$B$S$7EM$VFPi3$EXTD16$VFPS$VFMA$PE$A:L22UL41UL21$X:L11$S22US41US21$IEEE1$IW$USESV6$~STKCKD$USESV7$~SHL$OTIME$ROPI$EBA8$UX$STANDARDLIB$REQ8$PRES8$EABIv2 0x00000000   Number         0  anon$$obj.o ABSOLUTE
    __ARM_use_no_argv                        0x00000000   Number         0  main.o ABSOLUTE
    __Vectors                                0x00000000   Data           4  startup_tm4c123.o(RESET)
    __ARM_exceptions_init                     - Undefined Weak Reference
    __alloca_initialize                       - Undefined Weak Reference
    __cpp_initialize__aeabi_                  - Undefined Weak Reference
    __cxa_finalize                            - Undefined Weak Reference
    __rt_locale                               - Undefined Weak Reference
    __sigvec_lookup                           - Undefined Weak Reference
    _atexit_init                              - Undefined Weak Reference
    _call_atexit_fns                          - Undefined Weak Reference
    _clock_init                               - Undefined Weak Reference
    _fp_trap_init                             - Undefined Weak Reference
    _fp_trap_shutdown                         - Undefined Weak Reference
    _get_lc_collate                           - Undefined Weak Reference
    _get_lc_ctype                             - Undefined Weak Reference
    _get_lc_monetary                          - Undefined Weak Reference
    _get_lc_numeric                           - Undefined Weak Reference
    _get_lc_time                              - Undefined Weak Reference
    _getenv_init                              - Undefined Weak Reference
    _handle_redirection                       - Undefined Weak Reference
    _init_alloc                               - Undefined Weak Reference
    _init_user_alloc                          - Undefined Weak Reference
    _initio                                   - Undefined Weak Reference
    _rand_init                                - Undefined Weak Reference
    _signal_finish                            - Undefined Weak Reference
    _signal_init                              - Undefined Weak Reference
    _terminate_alloc                          - Undefined Weak Reference
    _terminate_user_alloc                     - Undefined Weak Reference
    _terminateio                              - Undefined Weak Reference
    __Vectors_End                            0x0000026c   Data           0  startup_tm4c123.o(RESET)
    __Vectors_Size                           0x0000026c   Number         0  startup_tm4c123.o ABSOLUTE
    __main                                   0x0000026d   Thumb Code     8  __main.o(!!!main)
    __scatterload                            0x00000275   Thumb Code     0  __scatter.o(!!!scatter)
    __scatterload_rt2                        0x00000275   Thumb Code    44  __scatter.o(!!!scatter)
    __scatterload_rt2_thumb_only             0x00000275   Thumb Code     0  __scatter.o(!!!scatter)
    __scatterload_null                       0x00000283   Thumb Code     0  __scatter.o(!!!scatter)
    __decompress                             0x000002a9   Thumb Code    58  __dczerorl.o(!!dczerorl)
    __decompress0                            0x000002a9   Thumb Code     0  __dczerorl.o(!!dczerorl)
    __scatterload_zeroinit                   0x000002e5   Thumb Code    28  __scatter_zi.o(!!handler_zi)
    __rt_lib_init                            0x00000301   Thumb Code     0  libinit.o(.ARM.Collect$$libinit$$00000000)
    __rt_lib_init_fp_1                       0x00000303   Thumb Code     0  libinit2.o(.ARM.Collect$$libinit$$00000001)
    __rt_lib_init_alloca_1                   0x00000307   Thumb Code     0  libinit2.o(.ARM.Collect$$libinit$$0000002C)
    __rt_lib_init_argv_1                     0x00000307   Thumb Code     0  libinit2.o(.ARM.Collect$$libinit$$0000002A)
    __rt_lib_init_atexit_1                   0x00000307   Thumb Code     0  libinit2.o(.ARM.Collect$$libinit$$00000019)
    __rt_lib_init_clock_1                    0x00000307   Thumb Code     0  libinit2.o(.ARM.Collect$$libinit$$0000001F)
    __rt_lib_init_cpp_1                      0x00000307   Thumb Code     0  libinit2.o(.ARM.Collect$$libinit$$00000030)
    __rt_lib_init_exceptions_1               0x00000307   Thumb Code     0  libinit2.o(.ARM.Collect$$libinit$$0000002E)
    __rt_lib_init_fp_trap_1                  0x00000307   Thumb Code     0  libinit2.o(.ARM.Collect$$libinit$$0000001D)
    __rt_lib_init_getenv_1                   0x00000307   Thumb Code     0  libinit2.o(.ARM.Collect$$libinit$$00000021)
    __rt_lib_init_heap_1                     0x00000307   Thumb Code     0  libinit2.o(.ARM.Collect$$libinit$$00000008)
    __rt_lib_init_lc_collate_1               0x00000307   Thumb Code     0  libinit2.o(.ARM.Collect$$libinit$$0000000F)
    __rt_lib_init_lc_ctype_1                 0x00000307   Thumb Code     0  libinit2.o(.ARM.Collect$$libinit$$00000011)
    __rt_lib_init_lc_monetary_1              0x00000307   Thumb Code     0  libinit2.o(.ARM.Collect$$libinit$$00000013)
    __rt_lib_init_lc_numeric_1               0x00000307   Thumb Code     0  libinit2.o(.ARM.Collect$$libinit$$00000015)
    __rt_lib_init_lc_time_1                  0x00000307   Thumb Code     0  libinit2.o(.ARM.Collect$$libinit$$00000017)
    __rt_lib_init_rand_1                     0x00000307   Thumb Code     0  libinit2.o(.ARM.Collect$$libinit$$0000000C)
    __rt_lib_init_return                     0x00000307   Thumb Code     0  libinit2.o(.ARM.Collect$$libinit$$00000031)
    __rt_lib_init_signal_1                   0x00000307   Thumb Code     0  libinit2.o(.ARM.Collect$$libinit$$0000001B)
    __rt_lib_init_stdio_1                    0x00000307   Thumb Code     0  libinit2.o(.ARM.Collect$$libinit$$00000023)
    __rt_lib_init_user_alloc_1               0x00000307   Thumb Code     0  libinit2.o(.ARM.Collect$$libinit$$0000000A)
    __rt_lib_shutdown                        0x00000309   Thumb Code     0  libshutdown.o(.ARM.Collect$$libshutdown$$00000000)
    __rt_lib_shutdown_fp_trap_1              0x0000030b   Thumb Code     0  libshutdown2.o(.ARM.Collect$$libshutdown$$00000006)
    __rt_lib_shutdown_heap_1                 0x0000030b   Thumb Code     0  libshutdown2.o(.ARM.Collect$$libshutdown$$0000000E)
    __rt_lib_shutdown_return                 0x0000030b   Thumb Code     0  libshutdown2.o(.ARM.Collect$$libshutdown$$0000000F)
    __rt_lib_shutdown_signal_1               0x0000030b   Thumb Code     0  libshutdown2.o(.ARM.Collect$$libshutdown$$00000009)
    __rt_lib_shutdown_stdio_1                0x0000030b   Thumb Code     0  libshutdown2.o(.ARM.Collect$$libshutdown$$00000003)
    __rt_lib_shutdown_user_alloc_1           0x0000030b   Thumb Code     0  libshutdown2.o(.ARM.Collect$$libshutdown$$0000000B)
    __rt_entry                               0x0000030d   Thumb Code     0  rtentry.o(.ARM.Collect$$rtentry$$00000000)
    __rt_entry_presh_1                       0x0000030d   Thumb Code     0  rtentry2.o(.ARM.Collect$$rtentry$$00000002)
    __rt_entry_sh                            0x0000030d   Thumb Code     0  rtentry4.o(.ARM.Collect$$rtentry$$00000004)
    __rt_entry_li                            0x00000313   Thumb Code     0  rtentry2.o(.ARM.Collect$$rtentry$$0000000A)
    __rt_entry_postsh_1                      0x00000313   Thumb Code     0  rtentry2.o(.ARM.Collect$$rtentry$$00000009)
    __rt_entry_main                          0x00000317   Thumb Code     0  rtentry2.o(.ARM.Collect$$rtentry$$0000000D)
    __rt_entry_postli_1                      0x00000317   Thumb Code     0  rtentry2.o(.ARM.Collect$$rtentry$$0000000C)
    __rt_exit                                0x0000031f   Thumb Code     0  rtexit.o(.ARM.Collect$$rtexit$$00000000)
    __rt_exit_ls                             0x00000321   Thumb Code     0  rtexit2.o(.ARM.Collect$$rtexit$$00000003)
    __rt_exit_prels_1                        0x00000321   Thumb Code     0  rtexit2.o(.ARM.Collect$$rtexit$$00000002)
    __rt_exit_exit                           0x00000325   Thumb Code     0  rtexit2.o(.ARM.Collect$$rtexit$$00000004)
    SysCtlDelay                              0x0000032d   Thumb Code     6  sysctl.o(.emb_text)
    CPUcpsid                                 0x00000335   Thumb Code     8  cpu.o(.emb_text)
    CPUprimask                               0x0000033d   Thumb Code     6  cpu.o(.emb_text)
    CPUcpsie                                 0x00000343   Thumb Code     8  cpu.o(.emb_text)
    CPUwfi                                   0x0000034b   Thumb Code     4  cpu.o(.emb_text)
    CPUbasepriSet                            0x0000034f   Thumb Code     6  cpu.o(.emb_text)
    CPUbasepriGet                            0x00000355   Thumb Code     6  cpu.o(.emb_text)
    Reset_Handler                            0x0000035d   Thumb Code     8  startup_tm4c123.o(.text)
    NMI_Handler                              0x00000365   Thumb Code     2  startup_tm4c123.o(.text)
    HardFault_Handler                        0x00000367   Thumb Code     2  startup_tm4c123.o(.text)
    MemManage_Handler                        0x00000369   Thumb Code     2  startup_tm4c123.o(.text)
    BusFault_Handler                         0x0000036b   Thumb Code     2  startup_tm4c123.o(.text)
    UsageFault_Handler                       0x0000036d   Thumb Code     2  startup_tm4c123.o(.text)
    SVC_Handler                              0x0000036f   Thumb Code     2  startup_tm4c123.o(.text)
    DebugMon_Handler                         0x00000371   Thumb Code     2  startup_tm4c123.o(.text)
    PendSV_Handler                           0x00000373   Thumb Code     2  startup_tm4c123.o(.text)
    SysTick_Handler                          0x00000375   Thumb Code     2  startup_tm4c123.o(.text)
    GPIOA_Handler                            0x00000377   Thumb Code     2  startup_tm4c123.o(.text)
    GPIOB_Handler                            0x00000379   Thumb Code     2  startup_tm4c123.o(.text)
    GPIOC_Handler                            0x0000037b   Thumb Code     2  startup_tm4c123.o(.text)
    GPIOD_Handler                            0x0000037d   Thumb Code     2  startup_tm4c123.o(.text)
    GPIOE_Handler                            0x0000037f   Thumb Code     2  startup_tm4c123.o(.text)
    UART0_Handler                            0x00000381   Thumb Code     2  startup_tm4c123.o(.text)
    UART1_Handler                            0x00000383   Thumb Code     2  startup_tm4c123.o(.text)
    SSI0_Handler                             0x00000385   Thumb Code     2  startup_tm4c123.o(.text)
    I2C0_Handler                             0x00000387   Thumb Code     2  startup_tm4c123.o(.text)
    PMW0_FAULT_Handler                       0x00000389   Thumb Code     2  startup_tm4c123.o(.text)
    PWM0_0_Handler                           0x0000038b   Thumb Code     2  startup_tm4c123.o(.text)
    PWM0_1_Handler                           0x0000038d   Thumb Code     2  startup_tm4c123.o(.text)
    PWM0_2_Handler                           0x0000038f   Thumb Code     2  startup_tm4c123.o(.text)
    QEI0_Handler                             0x00000391   Thumb Code     2  startup_tm4c123.o(.text)
    ADC0SS0_Handler                          0x00000393   Thumb Code     2  startup_tm4c123.o(.text)
    ADC0SS1_Handler                          0x00000395   Thumb Code     2  startup_tm4c123.o(.text)
    ADC0SS2_Handler                          0x00000397   Thumb Code     2  startup_tm4c123.o(.text)
    ADC0SS3_Handler                          0x00000399   Thumb Code     2  startup_tm4c123.o(.text)
    WDT0_Handler                             0x0000039b   Thumb Code     2  startup_tm4c123.o(.text)
    TIMER0A_Handler                          0x0000039d   Thumb Code     2  startup_tm4c123.o(.text)
    TIMER0B_Handler                          0x0000039f   Thumb Code     2  startup_tm4c123.o(.text)
    TIMER1A_Handler                          0x000003a1   Thumb Code     2  startup_tm4c123.o(.text)
    TIMER1B_Handler                          0x000003a3   Thumb Code     2  startup_tm4c123.o(.text)
    TIMER2A_Handler                          0x000003a5   Thumb Code     2  startup_tm4c123.o(.text)
    TIMER2B_Handler                          0x000003a7   Thumb Code     2  startup_tm4c123.o(.text)
    COMP0_Handler                            0x000003a9   Thumb Code     2  startup_tm4c123.o(.text)
    COMP1_Handler                            0x000003ab   Thumb Code     2  startup_tm4c123.o(.text)
    COMP2_Handler                            0x000003ad   Thumb Code     2  startup_tm4c123.o(.text)
    SYSCTL_Handler                           0x000003af   Thumb Code     2  startup_tm4c123.o(.text)
    FLASH_Handler                            0x000003b1   Thumb Code     2  startup_tm4c123.o(.text)
    GPIOF_Handler                            0x000003b3   Thumb Code     2  startup_tm4c123.o(.text)
    GPIOG_Handler                            0x000003b5   Thumb Code     2  startup_tm4c123.o(.text)
    GPIOH_Handler                            0x000003b7   Thumb Code     2  startup_tm4c123.o(.text)
    UART2_Handler                            0x000003b9   Thumb Code     2  startup_tm4c123.o(.text)
    SSI1_Handler                             0x000003bb   Thumb Code     2  startup_tm4c123.o(.text)
    TIMER3A_Handler                          0x000003bd   Thumb Code     2  startup_tm4c123.o(.text)
    TIMER3B_Handler                          0x000003bf   Thumb Code     2  startup_tm4c123.o(.text)
    I2C1_Handler                             0x000003c1   Thumb Code     2  startup_tm4c123.o(.text)
    QEI1_Handler                             0x000003c3   Thumb Code     2  startup_tm4c123.o(.text)
    CAN0_Handler                             0x000003c5   Thumb Code     2  startup_tm4c123.o(.text)
    CAN1_Handler                             0x000003c7   Thumb Code     2  startup_tm4c123.o(.text)
    CAN2_Handler                             0x000003c9   Thumb Code     2  startup_tm4c123.o(.text)
    HIB_Handler                              0x000003cb   Thumb Code     2  startup_tm4c123.o(.text)
    USB0_Handler                             0x000003cd   Thumb Code     2  startup_tm4c123.o(.text)
    PWM0_3_Handler                           0x000003cf   Thumb Code     2  startup_tm4c123.o(.text)
    UDMA_Handler                             0x000003d1   Thumb Code     2  startup_tm4c123.o(.text)
    UDMAERR_Handler                          0x000003d3   Thumb Code     2  startup_tm4c123.o(.text)
    ADC1SS0_Handler                          0x000003d5   Thumb Code     2  startup_tm4c123.o(.text)
    ADC1SS1_Handler                          0x000003d7   Thumb Code     2  startup_tm4c123.o(.text)
    ADC1SS2_Handler                          0x000003d9   Thumb Code     2  startup_tm4c123.o(.text)
    ADC1SS3_Handler                          0x000003db   Thumb Code     2  startup_tm4c123.o(.text)
    GPIOJ_Handler                            0x000003dd   Thumb Code     2  startup_tm4c123.o(.text)
    GPIOK_Handler                            0x000003df   Thumb Code     2  startup_tm4c123.o(.text)
    GPIOL_Handler                            0x000003e1   Thumb Code     2  startup_tm4c123.o(.text)
    SSI2_Handler                             0x000003e3   Thumb Code     2  startup_tm4c123.o(.text)
    SSI3_Handler                             0x000003e5   Thumb Code     2  startup_tm4c123.o(.text)
    UART3_Handler                            0x000003e7   Thumb Code     2  startup_tm4c123.o(.text)
    UART4_Handler                            0x000003e9   Thumb Code     2  startup_tm4c123.o(.text)
    UART5_Handler                            0x000003eb   Thumb Code     2  startup_tm4c123.o(.text)
    UART6_Handler                            0x000003ed   Thumb Code     2  startup_tm4c123.o(.text)
    UART7_Handler                            0x000003ef   Thumb Code     2  startup_tm4c123.o(.text)
    I2C2_Handler                             0x000003f1   Thumb Code     2  startup_tm4c123.o(.text)
    I2C3_Handler                             0x000003f3   Thumb Code     2  startup_tm4c123.o(.text)
    TIMER4A_Handler                          0x000003f5   Thumb Code     2  startup_tm4c123.o(.text)
    TIMER4B_Handler                          0x000003f7   Thumb Code     2  startup_tm4c123.o(.text)
    TIMER5A_Handler                          0x000003f9   Thumb Code     2  startup_tm4c123.o(.text)
    TIMER5B_Handler                          0x000003fb   Thumb Code     2  startup_tm4c123.o(.text)
    WTIMER0A_Handler                         0x000003fd   Thumb Code     2  startup_tm4c123.o(.text)
    WTIMER0B_Handler                         0x000003ff   Thumb Code     2  startup_tm4c123.o(.text)
    WTIMER1A_Handler                         0x00000401   Thumb Code     2  startup_tm4c123.o(.text)
    WTIMER1B_Handler                         0x00000403   Thumb Code     2  startup_tm4c123.o(.text)
    WTIMER2A_Handler                         0x00000405   Thumb Code     2  startup_tm4c123.o(.text)
    WTIMER2B_Handler                         0x00000407   Thumb Code     2  startup_tm4c123.o(.text)
    WTIMER3A_Handler                         0x00000409   Thumb Code     2  startup_tm4c123.o(.text)
    WTIMER3B_Handler                         0x0000040b   Thumb Code     2  startup_tm4c123.o(.text)
    WTIMER4A_Handler                         0x0000040d   Thumb Code     2  startup_tm4c123.o(.text)
    WTIMER4B_Handler                         0x0000040f   Thumb Code     2  startup_tm4c123.o(.text)
    WTIMER5A_Handler                         0x00000411   Thumb Code     2  startup_tm4c123.o(.text)
    WTIMER5B_Handler                         0x00000413   Thumb Code     2  startup_tm4c123.o(.text)
    FPU_Handler                              0x00000415   Thumb Code     2  startup_tm4c123.o(.text)
    I2C4_Handler                             0x00000417   Thumb Code     2  startup_tm4c123.o(.text)
    I2C5_Handler                             0x00000419   Thumb Code     2  startup_tm4c123.o(.text)
    GPIOM_Handler                            0x0000041b   Thumb Code     2  startup_tm4c123.o(.text)
    GPION_Handler                            0x0000041d   Thumb Code     2  startup_tm4c123.o(.text)
    QEI2_Handler                             0x0000041f   Thumb Code     2  startup_tm4c123.o(.text)
    GPIOP0_Handler                           0x00000421   Thumb Code     2  startup_tm4c123.o(.text)
    GPIOP1_Handler                           0x00000423   Thumb Code     2  startup_tm4c123.o(.text)
    GPIOP2_Handler                           0x00000425   Thumb Code     2  startup_tm4c123.o(.text)
    GPIOP3_Handler                           0x00000427   Thumb Code     2  startup_tm4c123.o(.text)
    GPIOP4_Handler                           0x00000429   Thumb Code     2  startup_tm4c123.o(.text)
    GPIOP5_Handler                           0x0000042b   Thumb Code     2  startup_tm4c123.o(.text)
    GPIOP6_Handler                           0x0000042d   Thumb Code     2  startup_tm4c123.o(.text)
    GPIOP7_Handler                           0x0000042f   Thumb Code     2  startup_tm4c123.o(.text)
    GPIOQ0_Handler                           0x00000431   Thumb Code     2  startup_tm4c123.o(.text)
    GPIOQ1_Handler                           0x00000433   Thumb Code     2  startup_tm4c123.o(.text)
    GPIOQ2_Handler                           0x00000435   Thumb Code     2  startup_tm4c123.o(.text)
    GPIOQ3_Handler                           0x00000437   Thumb Code     2  startup_tm4c123.o(.text)
    GPIOQ4_Handler                           0x00000439   Thumb Code     2  startup_tm4c123.o(.text)
    GPIOQ5_Handler                           0x0000043b   Thumb Code     2  startup_tm4c123.o(.text)
    GPIOQ6_Handler                           0x0000043d   Thumb Code     2  startup_tm4c123.o(.text)
    GPIOQ7_Handler                           0x0000043f   Thumb Code     2  startup_tm4c123.o(.text)
    GPIOR_Handler                            0x00000441   Thumb Code     2  startup_tm4c123.o(.text)
    GPIOS_Handler                            0x00000443   Thumb Code     2  startup_tm4c123.o(.text)
    PMW1_0_Handler                           0x00000445   Thumb Code     2  startup_tm4c123.o(.text)
    PWM1_1_Handler                           0x00000447   Thumb Code     2  startup_tm4c123.o(.text)
    PWM1_2_Handler                           0x00000449   Thumb Code     2  startup_tm4c123.o(.text)
    PWM1_3_Handler                           0x0000044b   Thumb Code     2  startup_tm4c123.o(.text)
    PWM1_FAULT_Handler                       0x0000044d   Thumb Code     2  startup_tm4c123.o(.text)
    __user_initial_stackheap                 0x00000451   Thumb Code     0  startup_tm4c123.o(.text)
    SystemInit                               0x00000471   Thumb Code     2  main.o(.text)
    IR_init                                  0x00000473   Thumb Code    18  main.o(.text)
    Flame_init                               0x00000485   Thumb Code    18  main.o(.text)
    InitServoMotors                          0x00000497   Thumb Code   230  main.o(.text)
    ConfigureGripperServo                    0x0000057d   Thumb Code    34  main.o(.text)
    SetGripperServoPosition                  0x0000059f   Thumb Code    18  main.o(.text)
    SetGripperServoAngle                     0x000005b1   Thumb Code    16  main.o(.text)
    ConfigureElbowServo                      0x000005c1   Thumb Code    34  main.o(.text)
    SetElbowServoPosition                    0x000005e3   Thumb Code    16  main.o(.text)
    SetElbowServoAngle                       0x000005f3   Thumb Code    16  main.o(.text)
    ConfigureBaseServo                       0x00000603   Thumb Code    36  main.o(.text)
    SetBaseServoPosition                     0x00000627   Thumb Code    16  main.o(.text)
    SetBaseServoAngle                        0x00000637   Thumb Code    16  main.o(.text)
    InitDCMotors                             0x00000647   Thumb Code   232  main.o(.text)
    PWMDCMotorLeftFront                      0x0000072f   Thumb Code    50  main.o(.text)
    PWMDCMotorRightFront                     0x00000761   Thumb Code    50  main.o(.text)
    PWMDCMotorRightBack                      0x00000793   Thumb Code    50  main.o(.text)
    PWMDCMotorLeftBack                       0x000007c5   Thumb Code    52  main.o(.text)
    ConfigureUART                            0x000007f9   Thumb Code    60  main.o(.text)
    main                                     0x00000835   Thumb Code   450  main.o(.text)
    GPIODirModeSet                           0x00000a85   Thumb Code    64  gpio.o(.text)
    GPIODirModeGet                           0x00000ac5   Thumb Code    46  gpio.o(.text)
    GPIOIntTypeSet                           0x00000af3   Thumb Code   126  gpio.o(.text)
    GPIOIntTypeGet                           0x00000b71   Thumb Code    84  gpio.o(.text)
    GPIOPadConfigSet                         0x00000bc5   Thumb Code   410  gpio.o(.text)
    GPIOPadConfigGet                         0x00000d5f   Thumb Code   252  gpio.o(.text)
    GPIOIntEnable                            0x00000e5b   Thumb Code    16  gpio.o(.text)
    GPIOIntDisable                           0x00000e6b   Thumb Code    16  gpio.o(.text)
    GPIOIntStatus                            0x00000e7b   Thumb Code    20  gpio.o(.text)
    GPIOIntClear                             0x00000e8f   Thumb Code     8  gpio.o(.text)
    GPIOIntRegister                          0x00000e97   Thumb Code    30  gpio.o(.text)
    GPIOIntUnregister                        0x00000eb5   Thumb Code    26  gpio.o(.text)
    GPIOPinRead                              0x00000ecf   Thumb Code    12  gpio.o(.text)
    GPIOPinWrite                             0x00000edb   Thumb Code    10  gpio.o(.text)
    GPIOPinTypeADC                           0x00000ee5   Thumb Code    30  gpio.o(.text)
    GPIOPinTypeCAN                           0x00000f03   Thumb Code    30  gpio.o(.text)
    GPIOPinTypeComparator                    0x00000f21   Thumb Code    30  gpio.o(.text)
    GPIOPinTypeComparatorOutput              0x00000f3f   Thumb Code    30  gpio.o(.text)
    GPIOPinTypeDIVSCLK                       0x00000f5d   Thumb Code    30  gpio.o(.text)
    GPIOPinTypeEPI                           0x00000f7b   Thumb Code    30  gpio.o(.text)
    GPIOPinTypeEthernetLED                   0x00000f99   Thumb Code    30  gpio.o(.text)
    GPIOPinTypeEthernetMII                   0x00000fb7   Thumb Code    30  gpio.o(.text)
    GPIOPinTypeGPIOInput                     0x00000fd5   Thumb Code    30  gpio.o(.text)
    GPIOPinTypeGPIOOutput                    0x00000ff3   Thumb Code    30  gpio.o(.text)
    GPIOPinTypeGPIOOutputOD                  0x00001011   Thumb Code    30  gpio.o(.text)
    GPIOPinTypeHibernateRTCCLK               0x0000102f   Thumb Code    30  gpio.o(.text)
    GPIOPinTypeI2C                           0x0000104d   Thumb Code    30  gpio.o(.text)
    GPIOPinTypeI2CSCL                        0x0000106b   Thumb Code    30  gpio.o(.text)
    GPIOPinTypeLCD                           0x00001089   Thumb Code    30  gpio.o(.text)
    GPIOPinTypeOneWire                       0x000010a7   Thumb Code    30  gpio.o(.text)
    GPIOPinTypePWM                           0x000010c5   Thumb Code    30  gpio.o(.text)
    GPIOPinTypeQEI                           0x000010e3   Thumb Code    30  gpio.o(.text)
    GPIOPinTypeSSI                           0x00001101   Thumb Code    36  gpio.o(.text)
    GPIOPinTypeTimer                         0x00001125   Thumb Code    30  gpio.o(.text)
    GPIOPinTypeTrace                         0x00001143   Thumb Code    30  gpio.o(.text)
    GPIOPinTypeUART                          0x00001161   Thumb Code    30  gpio.o(.text)
    GPIOPinTypeUSBAnalog                     0x0000117f   Thumb Code    30  gpio.o(.text)
    GPIOPinTypeUSBDigital                    0x0000119d   Thumb Code    30  gpio.o(.text)
    GPIOPinTypeWakeHigh                      0x000011bb   Thumb Code    32  gpio.o(.text)
    GPIOPinTypeWakeLow                       0x000011db   Thumb Code    32  gpio.o(.text)
    GPIOPinWakeStatus                        0x000011fb   Thumb Code     8  gpio.o(.text)
    GPIOPinConfigure                         0x00001203   Thumb Code    74  gpio.o(.text)
    GPIODMATriggerEnable                     0x0000124d   Thumb Code    16  gpio.o(.text)
    GPIODMATriggerDisable                    0x0000125d   Thumb Code    16  gpio.o(.text)
    GPIOADCTriggerEnable                     0x0000126d   Thumb Code    16  gpio.o(.text)
    GPIOADCTriggerDisable                    0x0000127d   Thumb Code    16  gpio.o(.text)
    PWMGenConfigure                          0x00001299   Thumb Code    42  pwm.o(.text)
    PWMGenPeriodSet                          0x000012c3   Thumb Code    22  pwm.o(.text)
    PWMGenPeriodGet                          0x000012d9   Thumb Code    24  pwm.o(.text)
    PWMGenEnable                             0x000012f1   Thumb Code    10  pwm.o(.text)
    PWMGenDisable                            0x000012fb   Thumb Code    10  pwm.o(.text)
    PWMPulseWidthSet                         0x00001305   Thumb Code    38  pwm.o(.text)
    PWMPulseWidthGet                         0x0000132b   Thumb Code    40  pwm.o(.text)
    PWMDeadBandEnable                        0x00001353   Thumb Code    18  pwm.o(.text)
    PWMDeadBandDisable                       0x00001365   Thumb Code    14  pwm.o(.text)
    PWMSyncUpdate                            0x00001373   Thumb Code     4  pwm.o(.text)
    PWMSyncTimeBase                          0x00001377   Thumb Code     4  pwm.o(.text)
    PWMOutputState                           0x0000137b   Thumb Code    20  pwm.o(.text)
    PWMOutputInvert                          0x0000138f   Thumb Code    20  pwm.o(.text)
    PWMOutputFaultLevel                      0x000013a3   Thumb Code    20  pwm.o(.text)
    PWMOutputFault                           0x000013b7   Thumb Code    20  pwm.o(.text)
    PWMGenIntRegister                        0x000014c3   Thumb Code    38  pwm.o(.text)
    PWMGenIntUnregister                      0x000014e9   Thumb Code    30  pwm.o(.text)
    PWMFaultIntRegister                      0x00001545   Thumb Code    30  pwm.o(.text)
    PWMFaultIntUnregister                    0x00001563   Thumb Code    26  pwm.o(.text)
    PWMGenIntTrigEnable                      0x0000157d   Thumb Code    14  pwm.o(.text)
    PWMGenIntTrigDisable                     0x0000158b   Thumb Code    14  pwm.o(.text)
    PWMGenIntStatus                          0x00001599   Thumb Code    16  pwm.o(.text)
    PWMGenIntClear                           0x000015a9   Thumb Code     6  pwm.o(.text)
    PWMIntEnable                             0x000015af   Thumb Code     8  pwm.o(.text)
    PWMIntDisable                            0x000015b7   Thumb Code     8  pwm.o(.text)
    PWMFaultIntClear                         0x000015bf   Thumb Code     8  pwm.o(.text)
    PWMIntStatus                             0x000015c7   Thumb Code    14  pwm.o(.text)
    PWMFaultIntClearExt                      0x000015d5   Thumb Code     4  pwm.o(.text)
    PWMGenFaultConfigure                     0x000015d9   Thumb Code    20  pwm.o(.text)
    PWMGenFaultTriggerSet                    0x000015ed   Thumb Code    16  pwm.o(.text)
    PWMGenFaultTriggerGet                    0x000015fd   Thumb Code    16  pwm.o(.text)
    PWMGenFaultStatus                        0x0000160d   Thumb Code    38  pwm.o(.text)
    PWMGenFaultClear                         0x00001633   Thumb Code    36  pwm.o(.text)
    PWMClockSet                              0x00001657   Thumb Code    22  pwm.o(.text)
    PWMClockGet                              0x0000166d   Thumb Code    66  pwm.o(.text)
    PWMOutputUpdateMode                      0x000016af   Thumb Code    76  pwm.o(.text)
    SysCtlSRAMSizeGet                        0x00001781   Thumb Code    12  sysctl.o(.text)
    SysCtlFlashSizeGet                       0x0000178d   Thumb Code    42  sysctl.o(.text)
    SysCtlFlashSectorSizeGet                 0x000017b7   Thumb Code    40  sysctl.o(.text)
    SysCtlPeripheralPresent                  0x000017df   Thumb Code    52  sysctl.o(.text)
    SysCtlPeripheralReady                    0x00001813   Thumb Code    52  sysctl.o(.text)
    SysCtlPeripheralPowerOn                  0x00001847   Thumb Code    46  sysctl.o(.text)
    SysCtlPeripheralPowerOff                 0x00001875   Thumb Code    46  sysctl.o(.text)
    SysCtlPeripheralReset                    0x000018a3   Thumb Code   106  sysctl.o(.text)
    SysCtlPeripheralEnable                   0x0000190d   Thumb Code    46  sysctl.o(.text)
    SysCtlPeripheralDisable                  0x0000193b   Thumb Code    46  sysctl.o(.text)
    SysCtlPeripheralSleepEnable              0x00001969   Thumb Code    46  sysctl.o(.text)
    SysCtlPeripheralSleepDisable             0x00001997   Thumb Code    46  sysctl.o(.text)
    SysCtlPeripheralDeepSleepEnable          0x000019c5   Thumb Code    46  sysctl.o(.text)
    SysCtlPeripheralDeepSleepDisable         0x000019f3   Thumb Code    46  sysctl.o(.text)
    SysCtlPeripheralClockGating              0x00001a21   Thumb Code    78  sysctl.o(.text)
    SysCtlIntRegister                        0x00001a6f   Thumb Code    20  sysctl.o(.text)
    SysCtlIntUnregister                      0x00001a83   Thumb Code    16  sysctl.o(.text)
    SysCtlIntEnable                          0x00001a93   Thumb Code    12  sysctl.o(.text)
    SysCtlIntDisable                         0x00001a9f   Thumb Code    12  sysctl.o(.text)
    SysCtlIntClear                           0x00001aab   Thumb Code     6  sysctl.o(.text)
    SysCtlIntStatus                          0x00001ab1   Thumb Code    16  sysctl.o(.text)
    SysCtlLDOSleepSet                        0x00001ac1   Thumb Code     6  sysctl.o(.text)
    SysCtlLDOSleepGet                        0x00001ac7   Thumb Code     6  sysctl.o(.text)
    SysCtlLDODeepSleepSet                    0x00001acd   Thumb Code     6  sysctl.o(.text)
    SysCtlLDODeepSleepGet                    0x00001ad3   Thumb Code     6  sysctl.o(.text)
    SysCtlSleepPowerSet                      0x00001ad9   Thumb Code    72  sysctl.o(.text)
    SysCtlDeepSleepPowerSet                  0x00001b21   Thumb Code     6  sysctl.o(.text)
    SysCtlReset                              0x00001b27   Thumb Code    10  sysctl.o(.text)
    SysCtlSleep                              0x00001b31   Thumb Code     8  sysctl.o(.text)
    SysCtlDeepSleep                          0x00001b39   Thumb Code    40  sysctl.o(.text)
    SysCtlResetCauseGet                      0x00001b61   Thumb Code     6  sysctl.o(.text)
    SysCtlResetCauseClear                    0x00001b67   Thumb Code    12  sysctl.o(.text)
    SysCtlMOSCConfigSet                      0x00001b73   Thumb Code     6  sysctl.o(.text)
    SysCtlPIOSCCalibrate                     0x00001b79   Thumb Code    72  sysctl.o(.text)
    SysCtlResetBehaviorSet                   0x00001bc1   Thumb Code     6  sysctl.o(.text)
    SysCtlResetBehaviorGet                   0x00001bc7   Thumb Code     6  sysctl.o(.text)
    SysCtlClockFreqSet                       0x00001bcd   Thumb Code   628  sysctl.o(.text)
    SysCtlClockSet                           0x00001e41   Thumb Code   380  sysctl.o(.text)
    SysCtlClockGet                           0x00001fbd   Thumb Code   332  sysctl.o(.text)
    SysCtlDeepSleepClockSet                  0x00002109   Thumb Code     6  sysctl.o(.text)
    SysCtlDeepSleepClockConfigSet            0x0000210f   Thumb Code   106  sysctl.o(.text)
    SysCtlPWMClockSet                        0x00002179   Thumb Code    16  sysctl.o(.text)
    SysCtlPWMClockGet                        0x00002189   Thumb Code    24  sysctl.o(.text)
    SysCtlGPIOAHBEnable                      0x000021a1   Thumb Code    20  sysctl.o(.text)
    SysCtlGPIOAHBDisable                     0x000021b5   Thumb Code    20  sysctl.o(.text)
    SysCtlUSBPLLEnable                       0x000021c9   Thumb Code    14  sysctl.o(.text)
    SysCtlUSBPLLDisable                      0x000021d7   Thumb Code    14  sysctl.o(.text)
    SysCtlVoltageEventConfig                 0x000021e5   Thumb Code     6  sysctl.o(.text)
    SysCtlVoltageEventStatus                 0x000021eb   Thumb Code     6  sysctl.o(.text)
    SysCtlVoltageEventClear                  0x000021f1   Thumb Code    12  sysctl.o(.text)
    SysCtlNMIStatus                          0x000021fd   Thumb Code     6  sysctl.o(.text)
    SysCtlNMIClear                           0x00002203   Thumb Code    12  sysctl.o(.text)
    SysCtlClockOutConfig                     0x0000220f   Thumb Code    12  sysctl.o(.text)
    SysCtlAltClkConfig                       0x0000221b   Thumb Code     6  sysctl.o(.text)
    UARTParityModeSet                        0x00002299   Thumb Code    12  uart.o(.text)
    UARTParityModeGet                        0x000022a5   Thumb Code    10  uart.o(.text)
    UARTFIFOLevelSet                         0x000022af   Thumb Code     8  uart.o(.text)
    UARTFIFOLevelGet                         0x000022b7   Thumb Code    18  uart.o(.text)
    UARTEnable                               0x000022c9   Thumb Code    20  uart.o(.text)
    UARTDisable                              0x000022dd   Thumb Code    30  uart.o(.text)
    UARTConfigSetExpClk                      0x000022fb   Thumb Code    76  uart.o(.text)
    UARTConfigGetExpClk                      0x00002347   Thumb Code    44  uart.o(.text)
    UARTFIFOEnable                           0x00002373   Thumb Code    10  uart.o(.text)
    UARTFIFODisable                          0x0000237d   Thumb Code    10  uart.o(.text)
    UARTEnableSIR                            0x00002387   Thumb Code    22  uart.o(.text)
    UARTDisableSIR                           0x0000239d   Thumb Code    10  uart.o(.text)
    UARTSmartCardEnable                      0x000023a7   Thumb Code    22  uart.o(.text)
    UARTSmartCardDisable                     0x000023bd   Thumb Code    10  uart.o(.text)
    UARTModemControlSet                      0x000023c7   Thumb Code    12  uart.o(.text)
    UARTModemControlClear                    0x000023d3   Thumb Code    12  uart.o(.text)
    UARTModemControlGet                      0x000023df   Thumb Code    10  uart.o(.text)
    UARTModemStatusGet                       0x000023e9   Thumb Code    12  uart.o(.text)
    UARTFlowControlSet                       0x000023f5   Thumb Code    12  uart.o(.text)
    UARTFlowControlGet                       0x00002401   Thumb Code    10  uart.o(.text)
    UARTTxIntModeSet                         0x0000240b   Thumb Code    12  uart.o(.text)
    UARTTxIntModeGet                         0x00002417   Thumb Code    10  uart.o(.text)
    UARTCharsAvail                           0x00002421   Thumb Code    12  uart.o(.text)
    UARTSpaceAvail                           0x0000242d   Thumb Code    12  uart.o(.text)
    UARTCharGetNonBlocking                   0x00002439   Thumb Code    20  uart.o(.text)
    UARTCharGet                              0x0000244d   Thumb Code    16  uart.o(.text)
    UARTCharPutNonBlocking                   0x0000245d   Thumb Code    20  uart.o(.text)
    UARTCharPut                              0x00002471   Thumb Code    14  uart.o(.text)
    UARTBreakCtl                             0x0000247f   Thumb Code    20  uart.o(.text)
    UARTBusy                                 0x00002493   Thumb Code    10  uart.o(.text)
    UARTIntRegister                          0x0000249d   Thumb Code    30  uart.o(.text)
    UARTIntUnregister                        0x000024bb   Thumb Code    26  uart.o(.text)
    UARTIntEnable                            0x000024d5   Thumb Code     8  uart.o(.text)
    UARTIntDisable                           0x000024dd   Thumb Code     8  uart.o(.text)
    UARTIntStatus                            0x000024e5   Thumb Code    12  uart.o(.text)
    UARTIntClear                             0x000024f1   Thumb Code     4  uart.o(.text)
    UARTDMAEnable                            0x000024f5   Thumb Code     8  uart.o(.text)
    UARTDMADisable                           0x000024fd   Thumb Code     8  uart.o(.text)
    UARTRxErrorGet                           0x00002505   Thumb Code    10  uart.o(.text)
    UARTRxErrorClear                         0x0000250f   Thumb Code     6  uart.o(.text)
    UARTClockSourceSet                       0x00002515   Thumb Code     8  uart.o(.text)
    UARTClockSourceGet                       0x0000251d   Thumb Code    10  uart.o(.text)
    UART9BitEnable                           0x00002527   Thumb Code    14  uart.o(.text)
    UART9BitDisable                          0x00002535   Thumb Code    14  uart.o(.text)
    UART9BitAddrSet                          0x00002543   Thumb Code    10  uart.o(.text)
    UART9BitAddrSend                         0x0000254d   Thumb Code    44  uart.o(.text)
    UARTLoopbackEnable                       0x00002579   Thumb Code    10  uart.o(.text)
    IntMasterEnable                          0x0000259d   Thumb Code    16  interrupt.o(.text)
    IntMasterDisable                         0x000025ad   Thumb Code    16  interrupt.o(.text)
    IntRegister                              0x000025bd   Thumb Code    52  interrupt.o(.text)
    IntUnregister                            0x000025f1   Thumb Code    10  interrupt.o(.text)
    IntPriorityGroupingSet                   0x000025fb   Thumb Code    18  interrupt.o(.text)
    IntPriorityGroupingGet                   0x0000260d   Thumb Code    36  interrupt.o(.text)
    IntPrioritySet                           0x00002631   Thumb Code    46  interrupt.o(.text)
    IntPriorityGet                           0x0000265f   Thumb Code    22  interrupt.o(.text)
    IntEnable                                0x00002675   Thumb Code   120  interrupt.o(.text)
    IntDisable                               0x000026ed   Thumb Code   120  interrupt.o(.text)
    IntIsEnabled                             0x00002765   Thumb Code   106  interrupt.o(.text)
    IntPendSet                               0x000027cf   Thumb Code    98  interrupt.o(.text)
    IntPendClear                             0x00002831   Thumb Code    76  interrupt.o(.text)
    IntPriorityMaskSet                       0x0000287d   Thumb Code    12  interrupt.o(.text)
    IntPriorityMaskGet                       0x00002889   Thumb Code     8  interrupt.o(.text)
    IntTrigger                               0x00002891   Thumb Code    10  interrupt.o(.text)
    UARTStdioConfig                          0x000028c9   Thumb Code    68  uartstdio.o(.text)
    UARTwrite                                0x0000290d   Thumb Code    46  uartstdio.o(.text)
    UARTgets                                 0x0000293b   Thumb Code   126  uartstdio.o(.text)
    UARTgetc                                 0x000029b9   Thumb Code    14  uartstdio.o(.text)
    UARTvprintf                              0x000029c7   Thumb Code   574  uartstdio.o(.text)
    UARTprintf                               0x00002c05   Thumb Code    26  uartstdio.o(.text)
    __use_two_region_memory                  0x00002c49   Thumb Code     2  heapauxi.o(.text)
    __rt_heap_escrow$2region                 0x00002c4b   Thumb Code     2  heapauxi.o(.text)
    __rt_heap_expand$2region                 0x00002c4d   Thumb Code     2  heapauxi.o(.text)
    __user_setup_stackheap                   0x00002c4f   Thumb Code    74  sys_stackheap_outer.o(.text)
    exit                                     0x00002c99   Thumb Code    12  exit.o(.text)
    __user_libspace                          0x00002ca5   Thumb Code     8  libspace.o(.text)
    __user_perproc_libspace                  0x00002ca5   Thumb Code     0  libspace.o(.text)
    __user_perthread_libspace                0x00002ca5   Thumb Code     0  libspace.o(.text)
    _sys_exit                                0x00002cad   Thumb Code     8  sys_exit.o(.text)
    __I$use$semihosting                      0x00002cb9   Thumb Code     0  use_no_semi.o(.text)
    __use_no_semihosting_swi                 0x00002cb9   Thumb Code     2  use_no_semi.o(.text)
    SysTickEnable                            0x00002cbb   Thumb Code    14  systick.o(i.SysTickEnable)
    __semihosting_library_function           0x00002cbb   Thumb Code     0  indicate_semi.o(.text)
    SysTickIntEnable                         0x00002cc9   Thumb Code    14  systick.o(i.SysTickIntEnable)
    SysTickPeriodSet                         0x00002cd7   Thumb Code    10  systick.o(i.SysTickPeriodSet)
    TimerConfigure                           0x00002ce1   Thumb Code    88  timer.o(i.TimerConfigure)
    TimerEnable                              0x00002d41   Thumb Code    14  timer.o(i.TimerEnable)
    TimerLoadSet                             0x00002d4f   Thumb Code    18  timer.o(i.TimerLoadSet)
    TimerMatchSet                            0x00002d61   Thumb Code    18  timer.o(i.TimerMatchSet)
    _fp_init                                 0x00002d73   Thumb Code    10  fpinit.o(x$fpl$fpinit)
    __fplib_config_fpu_vfp                   0x00002d7b   Thumb Code     0  fpinit.o(x$fpl$fpinit)
    __fplib_config_pureend_doubles           0x00002d7b   Thumb Code     0  fpinit.o(x$fpl$fpinit)
    Region$$Table$$Base                      0x0000330c   Number         0  anon$$obj.o(Region$$Table)
    Region$$Table$$Limit                     0x0000332c   Number         0  anon$$obj.o(Region$$Table)
    base_servo_lut                           0x2000066c   Data        1444  main.o(.bss)
    elbow_servo_lut                          0x20000c10   Data         724  main.o(.bss)
    gripper_servo_lut                        0x20000ee4   Data         724  main.o(.bss)
    __libspace_start                         0x200011b8   Data          96  libspace.o(.bss)
    __temporary_stack_top$libspace           0x20001218   Data           0  libspace.o(.bss)



==============================================================================

Memory Map of the image

  Image Entry point : 0x0000035d

  Load Region LR_1 (Base: 0x00000000, Size: 0x00003998, Max: 0xffffffff, ABSOLUTE, COMPRESSED[0x0000333c])

    Execution Region ER_RO (Base: 0x00000000, Size: 0x0000332c, Max: 0xffffffff, ABSOLUTE)

    Base Addr    Size         Type   Attr      Idx    E Section Name        Object

    0x00000000   0x0000026c   Data   RO            3    RESET               startup_tm4c123.o
    0x0000026c   0x00000008   Code   RO          575  * !!!main             c_w.l(__main.o)
    0x00000274   0x00000034   Code   RO          731    !!!scatter          c_w.l(__scatter.o)
    0x000002a8   0x0000003a   Code   RO          729    !!dczerorl          c_w.l(__dczerorl.o)
    0x000002e2   0x00000002   PAD
    0x000002e4   0x0000001c   Code   RO          733    !!handler_zi        c_w.l(__scatter_zi.o)
    0x00000300   0x00000002   Code   RO          602    .ARM.Collect$$libinit$$00000000  c_w.l(libinit.o)
    0x00000302   0x00000004   Code   RO          608    .ARM.Collect$$libinit$$00000001  c_w.l(libinit2.o)
    0x00000306   0x00000000   Code   RO          612    .ARM.Collect$$libinit$$00000008  c_w.l(libinit2.o)
    0x00000306   0x00000000   Code   RO          614    .ARM.Collect$$libinit$$0000000A  c_w.l(libinit2.o)
    0x00000306   0x00000000   Code   RO          616    .ARM.Collect$$libinit$$0000000C  c_w.l(libinit2.o)
    0x00000306   0x00000000   Code   RO          619    .ARM.Collect$$libinit$$0000000F  c_w.l(libinit2.o)
    0x00000306   0x00000000   Code   RO          621    .ARM.Collect$$libinit$$00000011  c_w.l(libinit2.o)
    0x00000306   0x00000000   Code   RO          623    .ARM.Collect$$libinit$$00000013  c_w.l(libinit2.o)
    0x00000306   0x00000000   Code   RO          625    .ARM.Collect$$libinit$$00000015  c_w.l(libinit2.o)
    0x00000306   0x00000000   Code   RO          627    .ARM.Collect$$libinit$$00000017  c_w.l(libinit2.o)
    0x00000306   0x00000000   Code   RO          629    .ARM.Collect$$libinit$$00000019  c_w.l(libinit2.o)
    0x00000306   0x00000000   Code   RO          631    .ARM.Collect$$libinit$$0000001B  c_w.l(libinit2.o)
    0x00000306   0x00000000   Code   RO          633    .ARM.Collect$$libinit$$0000001D  c_w.l(libinit2.o)
    0x00000306   0x00000000   Code   RO          635    .ARM.Collect$$libinit$$0000001F  c_w.l(libinit2.o)
    0x00000306   0x00000000   Code   RO          637    .ARM.Collect$$libinit$$00000021  c_w.l(libinit2.o)
    0x00000306   0x00000000   Code   RO          639    .ARM.Collect$$libinit$$00000023  c_w.l(libinit2.o)
    0x00000306   0x00000000   Code   RO          643    .ARM.Collect$$libinit$$0000002A  c_w.l(libinit2.o)
    0x00000306   0x00000000   Code   RO          645    .ARM.Collect$$libinit$$0000002C  c_w.l(libinit2.o)
    0x00000306   0x00000000   Code   RO          647    .ARM.Collect$$libinit$$0000002E  c_w.l(libinit2.o)
    0x00000306   0x00000000   Code   RO          649    .ARM.Collect$$libinit$$00000030  c_w.l(libinit2.o)
    0x00000306   0x00000002   Code   RO          650    .ARM.Collect$$libinit$$00000031  c_w.l(libinit2.o)
    0x00000308   0x00000002   Code   RO          670    .ARM.Collect$$libshutdown$$00000000  c_w.l(libshutdown.o)
    0x0000030a   0x00000000   Code   RO          684    .ARM.Collect$$libshutdown$$00000003  c_w.l(libshutdown2.o)
    0x0000030a   0x00000000   Code   RO          687    .ARM.Collect$$libshutdown$$00000006  c_w.l(libshutdown2.o)
    0x0000030a   0x00000000   Code   RO          690    .ARM.Collect$$libshutdown$$00000009  c_w.l(libshutdown2.o)
    0x0000030a   0x00000000   Code   RO          692    .ARM.Collect$$libshutdown$$0000000B  c_w.l(libshutdown2.o)
    0x0000030a   0x00000000   Code   RO          695    .ARM.Collect$$libshutdown$$0000000E  c_w.l(libshutdown2.o)
    0x0000030a   0x00000002   Code   RO          696    .ARM.Collect$$libshutdown$$0000000F  c_w.l(libshutdown2.o)
    0x0000030c   0x00000000   Code   RO          577    .ARM.Collect$$rtentry$$00000000  c_w.l(rtentry.o)
    0x0000030c   0x00000000   Code   RO          579    .ARM.Collect$$rtentry$$00000002  c_w.l(rtentry2.o)
    0x0000030c   0x00000006   Code   RO          591    .ARM.Collect$$rtentry$$00000004  c_w.l(rtentry4.o)
    0x00000312   0x00000000   Code   RO          581    .ARM.Collect$$rtentry$$00000009  c_w.l(rtentry2.o)
    0x00000312   0x00000004   Code   RO          582    .ARM.Collect$$rtentry$$0000000A  c_w.l(rtentry2.o)
    0x00000316   0x00000000   Code   RO          584    .ARM.Collect$$rtentry$$0000000C  c_w.l(rtentry2.o)
    0x00000316   0x00000008   Code   RO          585    .ARM.Collect$$rtentry$$0000000D  c_w.l(rtentry2.o)
    0x0000031e   0x00000002   Code   RO          606    .ARM.Collect$$rtexit$$00000000  c_w.l(rtexit.o)
    0x00000320   0x00000000   Code   RO          652    .ARM.Collect$$rtexit$$00000002  c_w.l(rtexit2.o)
    0x00000320   0x00000004   Code   RO          653    .ARM.Collect$$rtexit$$00000003  c_w.l(rtexit2.o)
    0x00000324   0x00000006   Code   RO          654    .ARM.Collect$$rtexit$$00000004  c_w.l(rtexit2.o)
    0x0000032a   0x00000002   PAD
    0x0000032c   0x00000006   Code   RO          151    .emb_text           sysctl.o
    0x00000332   0x00000002   PAD
    0x00000334   0x00000026   Code   RO          226    .emb_text           driverlib.lib(cpu.o)
    0x0000035a   0x00000002   PAD
    0x0000035c   0x00000114   Code   RO            4  * .text               startup_tm4c123.o
    0x00000470   0x000005dc   Code   RO           10    .text               main.o
    0x00000a4c   0x0000084c   Code   RO          116    .text               gpio.o
    0x00001298   0x00000462   Code   RO          136    .text               pwm.o
    0x000016fa   0x00000002   PAD
    0x000016fc   0x00000b64   Code   RO          152    .text               sysctl.o
    0x00002260   0x00000338   Code   RO          175    .text               uart.o
    0x00002598   0x00000330   Code   RO          192    .text               interrupt.o
    0x000028c8   0x00000380   Code   RO          207    .text               uartstdio.o
    0x00002c48   0x00000006   Code   RO          573    .text               c_w.l(heapauxi.o)
    0x00002c4e   0x0000004a   Code   RO          593    .text               c_w.l(sys_stackheap_outer.o)
    0x00002c98   0x0000000c   Code   RO          595    .text               c_w.l(exit.o)
    0x00002ca4   0x00000008   Code   RO          603    .text               c_w.l(libspace.o)
    0x00002cac   0x0000000c   Code   RO          662    .text               c_w.l(sys_exit.o)
    0x00002cb8   0x00000002   Code   RO          673    .text               c_w.l(use_no_semi.o)
    0x00002cba   0x00000000   Code   RO          675    .text               c_w.l(indicate_semi.o)
    0x00002cba   0x0000000e   Code   RO          243    i.SysTickEnable     driverlib.lib(systick.o)
    0x00002cc8   0x0000000e   Code   RO          245    i.SysTickIntEnable  driverlib.lib(systick.o)
    0x00002cd6   0x0000000a   Code   RO          249    i.SysTickPeriodSet  driverlib.lib(systick.o)
    0x00002ce0   0x00000060   Code   RO          327    i.TimerConfigure    driverlib.lib(timer.o)
    0x00002d40   0x0000000e   Code   RO          336    i.TimerEnable       driverlib.lib(timer.o)
    0x00002d4e   0x00000012   Code   RO          345    i.TimerLoadSet      driverlib.lib(timer.o)
    0x00002d60   0x00000012   Code   RO          349    i.TimerMatchSet     driverlib.lib(timer.o)
    0x00002d72   0x0000000a   Code   RO          660    x$fpl$fpinit        fz_wm.l(fpinit.o)
    0x00002d7c   0x00000210   Data   RO          117    .constdata          gpio.o
    0x00002f8c   0x000001c4   Data   RO          153    .constdata          sysctl.o
    0x00003150   0x00000080   Data   RO          176    .constdata          uart.o
    0x000031d0   0x0000010c   Data   RO          193    .constdata          interrupt.o
    0x000032dc   0x0000001c   Data   RO          208    .constdata          uartstdio.o
    0x000032f8   0x00000011   Data   RO          209    .conststring        uartstdio.o
    0x00003309   0x00000003   PAD
    0x0000330c   0x00000020   Data   RO          727    Region$$Table       anon$$obj.o


    Execution Region ER_RW (Base: 0x20000000, Size: 0x0000066c, Max: 0xffffffff, ABSOLUTE, COMPRESSED[0x00000010])

    Base Addr    Size         Type   Attr      Idx    E Section Name        Object

    0x20000000   0x00000005   Data   RW          210    .data               uartstdio.o
    0x20000005   0x000003fb   PAD
    0x20000400   0x0000026c   Data   RW          194    vtable              interrupt.o


    Execution Region ER_ZI (Base: 0x2000066c, Size: 0x00000dac, Max: 0xffffffff, ABSOLUTE)

    Base Addr    Size         Type   Attr      Idx    E Section Name        Object

    0x2000066c   0x00000b4c   Zero   RW           11    .bss                main.o
    0x200011b8   0x00000060   Zero   RW          604    .bss                c_w.l(libspace.o)
    0x20001218   0x00000000   Zero   RW            2    HEAP                startup_tm4c123.o
    0x20001218   0x00000200   Zero   RW            1    STACK               startup_tm4c123.o


==============================================================================

Image component sizes


      Code (inc. data)   RO Data    RW Data    ZI Data      Debug   Object Name

      2124         34        528          0          0      12966   gpio.o
       816         46        268        620          0       4676   interrupt.o
      1500        228          0          0       2892      11209   main.o
      1122         34          0          0          0      10045   pwm.o
       276         24        620          0        512       5392   startup_tm4c123.o
      2922        230        452          0          0      14153   sysctl.o
       824         22        128          0          0      10999   uart.o
       896         42         45          5          0       3645   uartstdio.o

    ----------------------------------------------------------------------
     10484        660       2076       1644       3404      73085   Object Totals
         0          0         32          0          0          0   (incl. Generated)
         4          0          3       1019          0          0   (incl. Padding)

    ----------------------------------------------------------------------

      Code (inc. data)   RO Data    RW Data    ZI Data      Debug   Library Member Name

        58          0          0          0          0          0   __dczerorl.o
         8          0          0          0          0         68   __main.o
        52          8          0          0          0          0   __scatter.o
        28          0          0          0          0          0   __scatter_zi.o
        12          0          0          0          0         72   exit.o
         6          0          0          0          0        152   heapauxi.o
         0          0          0          0          0          0   indicate_semi.o
         2          0          0          0          0          0   libinit.o
         6          0          0          0          0          0   libinit2.o
         2          0          0          0          0          0   libshutdown.o
         2          0          0          0          0          0   libshutdown2.o
         8          4          0          0         96         68   libspace.o
         0          0          0          0          0          0   rtentry.o
        12          0          0          0          0          0   rtentry2.o
         6          0          0          0          0          0   rtentry4.o
         2          0          0          0          0          0   rtexit.o
        10          0          0          0          0          0   rtexit2.o
        12          4          0          0          0         68   sys_exit.o
        74          0          0          0          0         80   sys_stackheap_outer.o
         2          0          0          0          0         68   use_no_semi.o
        38          0          0          0          0       3620   cpu.o
        38          0          0          0          0       1410   systick.o
       146          8          0          0          0       2138   timer.o
        10          0          0          0          0        116   fpinit.o

    ----------------------------------------------------------------------
       540         24          0          0         96       7860   Library Totals
         6          0          0          0          0          0   (incl. Padding)

    ----------------------------------------------------------------------

      Code (inc. data)   RO Data    RW Data    ZI Data      Debug   Library Name

       302         16          0          0         96        576   c_w.l
       222          8          0          0          0       7168   driverlib.lib
        10          0          0          0          0        116   fz_wm.l

    ----------------------------------------------------------------------
       540         24          0          0         96       7860   Library Totals

    ----------------------------------------------------------------------

==============================================================================


      Code (inc. data)   RO Data    RW Data    ZI Data      Debug   

     11024        684       2076       1644       3500      78085   Grand Totals
     11024        684       2076         16       3500      78085   ELF Image Totals (compressed)
     11024        684       2076         16          0          0   ROM Totals

==============================================================================

    Total RO  Size (Code + RO Data)                13100 (  12.79kB)
    Total RW  Size (RW Data + ZI Data)              5144 (   5.02kB)
    Total ROM Size (Code + RO Data + RW Data)      13116 (  12.81kB)

==============================================================================

